../Core/Inc/csrc/u8g2_setup.c:139:13:u8g2_update_dimension_common	20	static
../Core/Inc/csrc/u8g2_setup.c:213:6:u8g2_update_dimension_r0	8	static
../Core/Inc/csrc/u8g2_setup.c:232:6:u8g2_update_dimension_r1	8	static
../Core/Inc/csrc/u8g2_setup.c:277:6:u8g2_update_dimension_r3	8	static
../Core/Inc/csrc/u8g2_setup.c:308:6:u8g2_draw_l90_r0	16	static
../Core/Inc/csrc/u8g2_setup.c:316:6:u8g2_draw_l90_mirrorr_r0	24	static
../Core/Inc/csrc/u8g2_setup.c:332:6:u8g2_draw_mirror_vertical_r0	24	static
../Core/Inc/csrc/u8g2_setup.c:349:6:u8g2_draw_l90_r1	24	static
../Core/Inc/csrc/u8g2_setup.c:374:6:u8g2_draw_l90_r2	24	static
../Core/Inc/csrc/u8g2_setup.c:419:6:u8g2_draw_l90_r3	24	static
../Core/Inc/csrc/u8g2_setup.c:187:13:u8g2_apply_clip_window	40	static
../Core/Inc/csrc/u8g2_setup.c:218:6:u8g2_update_page_win_r0	8	static
../Core/Inc/csrc/u8g2_setup.c:241:6:u8g2_update_page_win_r1	8	static
../Core/Inc/csrc/u8g2_setup.c:259:6:u8g2_update_page_win_r2	8	static
../Core/Inc/csrc/u8g2_setup.c:286:6:u8g2_update_page_win_r3	8	static
../Core/Inc/csrc/u8g2_setup.c:254:6:u8g2_update_dimension_r2	8	static
../Core/Inc/csrc/u8g2_setup.c:46:6:u8g2_SetMaxClipWindow	8	static
../Core/Inc/csrc/u8g2_setup.c:56:6:u8g2_SetClipWindow	16	static
../Core/Inc/csrc/u8g2_setup.c:71:6:u8g2_SetupBuffer	16	static
../Core/Inc/csrc/u8g2_setup.c:111:6:u8g2_SetDisplayRotation	8	static
../Core/Inc/csrc/u8g2_setup.c:120:6:u8g2_SendF	12	static
../Core/Inc/csrc/u8g2_setup.c:460:6:u8g2_Setup_null	24	static
