../Core/Src/Light_meter.c:45:6:EEPROM_Read	32	static
../Core/Src/Light_meter.c:75:6:EEPROM_Write	16	static
../Core/Src/Light_meter.c:87:6:LM_Init	8	static
../Core/Src/Light_meter.c:94:6:OLED_Off	16	static
../Core/Src/Light_meter.c:107:9:T	32	static
../Core/Src/Light_meter.c:121:9:A	32	static
../Core/Src/Light_meter.c:134:6:Aim	24	static
../Core/Src/Light_meter.c:153:9:KeyScan	24	static
../Core/Src/Light_meter.c:198:6:KeyScan1	16	static
../Core/Src/Light_meter.c:244:6:KeyScan2	16	static
../Core/Src/Light_meter.c:286:6:frame	24	static
../Core/Src/Light_meter.c:301:6:Loop	64	static
