Archive member included to satisfy reference by file (symbol)

e:/st/stm32cubeide_1.12.1/stm32cubeide/plugins/com.st.stm32cube.ide.mcu.externaltools.gnu-tools-for-stm32.10.3-2021.10.win32_1.0.200.202301161003/tools/bin/../lib/gcc/arm-none-eabi/10.3.1/../../../../arm-none-eabi/lib/thumb/v6-m/nofp\libc_nano.a(lib_a-errno.o)
                              ./Core/Src/syscalls.o (__errno)
e:/st/stm32cubeide_1.12.1/stm32cubeide/plugins/com.st.stm32cube.ide.mcu.externaltools.gnu-tools-for-stm32.10.3-2021.10.win32_1.0.200.202301161003/tools/bin/../lib/gcc/arm-none-eabi/10.3.1/../../../../arm-none-eabi/lib/thumb/v6-m/nofp\libc_nano.a(lib_a-exit.o)
                              e:/st/stm32cubeide_1.12.1/stm32cubeide/plugins/com.st.stm32cube.ide.mcu.externaltools.gnu-tools-for-stm32.10.3-2021.10.win32_1.0.200.202301161003/tools/bin/../lib/gcc/arm-none-eabi/10.3.1/../../../../arm-none-eabi/lib/thumb/v6-m/nofp/crt0.o (exit)
e:/st/stm32cubeide_1.12.1/stm32cubeide/plugins/com.st.stm32cube.ide.mcu.externaltools.gnu-tools-for-stm32.10.3-2021.10.win32_1.0.200.202301161003/tools/bin/../lib/gcc/arm-none-eabi/10.3.1/../../../../arm-none-eabi/lib/thumb/v6-m/nofp\libc_nano.a(lib_a-impure.o)
                              e:/st/stm32cubeide_1.12.1/stm32cubeide/plugins/com.st.stm32cube.ide.mcu.externaltools.gnu-tools-for-stm32.10.3-2021.10.win32_1.0.200.202301161003/tools/bin/../lib/gcc/arm-none-eabi/10.3.1/../../../../arm-none-eabi/lib/thumb/v6-m/nofp\libc_nano.a(lib_a-exit.o) (_global_impure_ptr)
e:/st/stm32cubeide_1.12.1/stm32cubeide/plugins/com.st.stm32cube.ide.mcu.externaltools.gnu-tools-for-stm32.10.3-2021.10.win32_1.0.200.202301161003/tools/bin/../lib/gcc/arm-none-eabi/10.3.1/../../../../arm-none-eabi/lib/thumb/v6-m/nofp\libc_nano.a(lib_a-init.o)
                              e:/st/stm32cubeide_1.12.1/stm32cubeide/plugins/com.st.stm32cube.ide.mcu.externaltools.gnu-tools-for-stm32.10.3-2021.10.win32_1.0.200.202301161003/tools/bin/../lib/gcc/arm-none-eabi/10.3.1/../../../../arm-none-eabi/lib/thumb/v6-m/nofp/crt0.o (__libc_init_array)
e:/st/stm32cubeide_1.12.1/stm32cubeide/plugins/com.st.stm32cube.ide.mcu.externaltools.gnu-tools-for-stm32.10.3-2021.10.win32_1.0.200.202301161003/tools/bin/../lib/gcc/arm-none-eabi/10.3.1/../../../../arm-none-eabi/lib/thumb/v6-m/nofp\libc_nano.a(lib_a-itoa.o)
                              ./Core/Src/Light_meter.o (itoa)
e:/st/stm32cubeide_1.12.1/stm32cubeide/plugins/com.st.stm32cube.ide.mcu.externaltools.gnu-tools-for-stm32.10.3-2021.10.win32_1.0.200.202301161003/tools/bin/../lib/gcc/arm-none-eabi/10.3.1/../../../../arm-none-eabi/lib/thumb/v6-m/nofp\libc_nano.a(lib_a-memcpy-stub.o)
                              ./Core/Inc/csrc/u8x8_display.o (memcpy)
e:/st/stm32cubeide_1.12.1/stm32cubeide/plugins/com.st.stm32cube.ide.mcu.externaltools.gnu-tools-for-stm32.10.3-2021.10.win32_1.0.200.202301161003/tools/bin/../lib/gcc/arm-none-eabi/10.3.1/../../../../arm-none-eabi/lib/thumb/v6-m/nofp\libc_nano.a(lib_a-memset.o)
                              e:/st/stm32cubeide_1.12.1/stm32cubeide/plugins/com.st.stm32cube.ide.mcu.externaltools.gnu-tools-for-stm32.10.3-2021.10.win32_1.0.200.202301161003/tools/bin/../lib/gcc/arm-none-eabi/10.3.1/../../../../arm-none-eabi/lib/thumb/v6-m/nofp/crt0.o (memset)
e:/st/stm32cubeide_1.12.1/stm32cubeide/plugins/com.st.stm32cube.ide.mcu.externaltools.gnu-tools-for-stm32.10.3-2021.10.win32_1.0.200.202301161003/tools/bin/../lib/gcc/arm-none-eabi/10.3.1/../../../../arm-none-eabi/lib/thumb/v6-m/nofp\libc_nano.a(lib_a-nano-vfprintf_float.o)
                              (_printf_float)
e:/st/stm32cubeide_1.12.1/stm32cubeide/plugins/com.st.stm32cube.ide.mcu.externaltools.gnu-tools-for-stm32.10.3-2021.10.win32_1.0.200.202301161003/tools/bin/../lib/gcc/arm-none-eabi/10.3.1/../../../../arm-none-eabi/lib/thumb/v6-m/nofp\libc_nano.a(lib_a-nano-vfprintf_i.o)
                              e:/st/stm32cubeide_1.12.1/stm32cubeide/plugins/com.st.stm32cube.ide.mcu.externaltools.gnu-tools-for-stm32.10.3-2021.10.win32_1.0.200.202301161003/tools/bin/../lib/gcc/arm-none-eabi/10.3.1/../../../../arm-none-eabi/lib/thumb/v6-m/nofp\libc_nano.a(lib_a-nano-vfprintf_float.o) (_printf_common)
e:/st/stm32cubeide_1.12.1/stm32cubeide/plugins/com.st.stm32cube.ide.mcu.externaltools.gnu-tools-for-stm32.10.3-2021.10.win32_1.0.200.202301161003/tools/bin/../lib/gcc/arm-none-eabi/10.3.1/../../../../arm-none-eabi/lib/thumb/v6-m/nofp\libc_nano.a(lib_a-sprintf.o)
                              ./Core/Src/Light_meter.o (sprintf)
e:/st/stm32cubeide_1.12.1/stm32cubeide/plugins/com.st.stm32cube.ide.mcu.externaltools.gnu-tools-for-stm32.10.3-2021.10.win32_1.0.200.202301161003/tools/bin/../lib/gcc/arm-none-eabi/10.3.1/../../../../arm-none-eabi/lib/thumb/v6-m/nofp\libc_nano.a(lib_a-strlen.o)
[...]
Memory Configuration

Name             Origin             Length             Attributes
RAM              0x0000000020000000 0x0000000000002000 xrw
FLASH            0x0000000008000000 0x0000000000010000 xr
*default*        0x0000000000000000 0xffffffffffffffff

Linker script and memory map

LOAD e:/st/stm32cubeide_1.12.1/stm32cubeide/plugins/com.st.stm32cube.ide.mcu.externaltools.gnu-tools-for-stm32.10.3-2021.10.win32_1.0.200.202301161003/tools/bin/../lib/gcc/arm-none-eabi/10.3.1/thumb/v6-m/nofp/crti.o
LOAD e:/st/stm32cubeide_1.12.1/stm32cubeide/plugins/com.st.stm32cube.ide.mcu.externaltools.gnu-tools-for-stm32.10.3-2021.10.win32_1.0.200.202301161003/tools/bin/../lib/gcc/arm-none-eabi/10.3.1/thumb/v6-m/nofp/crtbegin.o
LOAD e:/st/stm32cubeide_1.12.1/stm32cubeide/plugins/com.st.stm32cube.ide.mcu.externaltools.gnu-tools-for-stm32.10.3-2021.10.win32_1.0.200.202301161003/tools/bin/../lib/gcc/arm-none-eabi/10.3.1/../../../../arm-none-eabi/lib/thumb/v6-m/nofp/crt0.o
LOAD ./Core/Inc/csrc/mui.o
LOAD ./Core/Inc/csrc/mui_u8g2.o
LOAD ./Core/Inc/csrc/u8g2_bitmap.o
LOAD ./Core/Inc/csrc/u8g2_box.o
LOAD ./Core/Inc/csrc/u8g2_buffer.o
LOAD ./Core/Inc/csrc/u8g2_button.o
LOAD ./Core/Inc/csrc/u8g2_circle.o
LOAD ./Core/Inc/csrc/u8g2_cleardisplay.o
LOAD ./Core/Inc/csrc/u8g2_d_memory.o
LOAD ./Core/Inc/csrc/u8g2_d_setup.o
LOAD ./Core/Inc/csrc/u8g2_font.o
LOAD ./Core/Inc/csrc/u8g2_fonts.o
LOAD ./Core/Inc/csrc/u8g2_hvline.o
LOAD ./Core/Inc/csrc/u8g2_input_value.o
LOAD ./Core/Inc/csrc/u8g2_intersection.o
LOAD ./Core/Inc/csrc/u8g2_kerning.o
LOAD ./Core/Inc/csrc/u8g2_line.o
LOAD ./Core/Inc/csrc/u8g2_ll_hvline.o
LOAD ./Core/Inc/csrc/u8g2_message.o
LOAD ./Core/Inc/csrc/u8g2_polygon.o
LOAD ./Core/Inc/csrc/u8g2_selection_list.o
LOAD ./Core/Inc/csrc/u8g2_setup.o
LOAD ./Core/Inc/csrc/u8log.o
LOAD ./Core/Inc/csrc/u8log_u8g2.o
LOAD ./Core/Inc/csrc/u8log_u8x8.o
LOAD ./Core/Inc/csrc/u8x8_8x8.o
LOAD ./Core/Inc/csrc/u8x8_byte.o
LOAD ./Core/Inc/csrc/u8x8_cad.o
LOAD ./Core/Inc/csrc/u8x8_capture.o
LOAD ./Core/Inc/csrc/u8x8_d_ssd1306_128x32.o
LOAD ./Core/Inc/csrc/u8x8_d_ssd1306_128x64_noname.o
LOAD ./Core/Inc/csrc/u8x8_d_ssd1306_2040x16.o
LOAD ./Core/Inc/csrc/u8x8_d_ssd1306_48x64.o
LOAD ./Core/Inc/csrc/u8x8_d_ssd1306_64x32.o
LOAD ./Core/Inc/csrc/u8x8_d_ssd1306_64x48.o
LOAD ./Core/Inc/csrc/u8x8_d_ssd1306_72x40.o
LOAD ./Core/Inc/csrc/u8x8_d_ssd1306_96x16.o
LOAD ./Core/Inc/csrc/u8x8_d_ssd1306_96x40.o
LOAD ./Core/Inc/csrc/u8x8_debounce.o
LOAD ./Core/Inc/csrc/u8x8_display.o
LOAD ./Core/Inc/csrc/u8x8_gpio.o
LOAD ./Core/Inc/csrc/u8x8_input_value.o
LOAD ./Core/Inc/csrc/u8x8_message.o
LOAD ./Core/Inc/csrc/u8x8_selection_list.o
LOAD ./Core/Inc/csrc/u8x8_setup.o
LOAD ./Core/Inc/csrc/u8x8_string.o
LOAD ./Core/Inc/csrc/u8x8_u16toa.o
LOAD ./Core/Inc/csrc/u8x8_u8toa.o
LOAD ./Core/Src/Light_meter.o
LOAD ./Core/Src/main.o
LOAD ./Core/Src/stm32g0xx_hal_msp.o
LOAD ./Core/Src/stm32g0xx_it.o
LOAD ./Core/Src/syscalls.o
LOAD ./Core/Src/sysmem.o
LOAD ./Core/Src/system_stm32g0xx.o
LOAD ./Core/Src/u8g2_iic.o
LOAD ./Core/Src/veml7700.o
LOAD ./Core/Startup/startup_stm32g030c8tx.o
LOAD ./Drivers/STM32G0xx_HAL_Driver/Src/stm32g0xx_hal.o
LOAD ./Drivers/STM32G0xx_HAL_Driver/Src/stm32g0xx_hal_adc.o
LOAD ./Drivers/STM32G0xx_HAL_Driver/Src/stm32g0xx_hal_adc_ex.o
LOAD ./Drivers/STM32G0xx_HAL_Driver/Src/stm32g0xx_hal_cortex.o
LOAD ./Drivers/STM32G0xx_HAL_Driver/Src/stm32g0xx_hal_dma.o
LOAD ./Drivers/STM32G0xx_HAL_Driver/Src/stm32g0xx_hal_dma_ex.o
LOAD ./Drivers/STM32G0xx_HAL_Driver/Src/stm32g0xx_hal_exti.o
LOAD ./Drivers/STM32G0xx_HAL_Driver/Src/stm32g0xx_hal_flash.o
LOAD ./Drivers/STM32G0xx_HAL_Driver/Src/stm32g0xx_hal_flash_ex.o
LOAD ./Drivers/STM32G0xx_HAL_Driver/Src/stm32g0xx_hal_gpio.o
LOAD ./Drivers/STM32G0xx_HAL_Driver/Src/stm32g0xx_hal_i2c.o
LOAD ./Drivers/STM32G0xx_HAL_Driver/Src/stm32g0xx_hal_i2c_ex.o
LOAD ./Drivers/STM32G0xx_HAL_Driver/Src/stm32g0xx_hal_pwr.o
LOAD ./Drivers/STM32G0xx_HAL_Driver/Src/stm32g0xx_hal_pwr_ex.o
LOAD ./Drivers/STM32G0xx_HAL_Driver/Src/stm32g0xx_hal_rcc.o
LOAD ./Drivers/STM32G0xx_HAL_Driver/Src/stm32g0xx_hal_rcc_ex.o
LOAD ./Drivers/STM32G0xx_HAL_Driver/Src/stm32g0xx_hal_tim.o
LOAD ./Drivers/STM32G0xx_HAL_Driver/Src/stm32g0xx_hal_tim_ex.o
LOAD ./Drivers/STM32G0xx_HAL_Driver/Src/stm32g0xx_ll_adc.o
LOAD ./Drivers/STM32G0xx_HAL_Driver/Src/stm32g0xx_ll_dma.o
LOAD ./Drivers/STM32G0xx_HAL_Driver/Src/stm32g0xx_ll_rcc.o
START GROUP
LOAD e:/st/stm32cubeide_1.12.1/stm32cubeide/plugins/com.st.stm32cube.ide.mcu.externaltools.gnu-tools-for-stm32.10.3-2021.10.win32_1.0.200.202301161003/tools/bin/../lib/gcc/arm-none-eabi/10.3.1/../../../../arm-none-eabi/lib/thumb/v6-m/nofp\libc_nano.a
LOAD e:/st/stm32cubeide_1.12.1/stm32cubeide/plugins/com.st.stm32cube.ide.mcu.externaltools.gnu-tools-for-stm32.10.3-2021.10.win32_1.0.200.202301161003/tools/bin/../lib/gcc/arm-none-eabi/10.3.1/../../../../arm-none-eabi/lib/thumb/v6-m/nofp\libm.a
END GROUP
START GROUP
LOAD e:/st/stm32cubeide_1.12.1/stm32cubeide/plugins/com.st.stm32cube.ide.mcu.externaltools.gnu-tools-for-stm32.10.3-2021.10.win32_1.0.200.202301161003/tools/bin/../lib/gcc/arm-none-eabi/10.3.1/thumb/v6-m/nofp\libgcc.a
LOAD e:/st/stm32cubeide_1.12.1/stm32cubeide/plugins/com.st.stm32cube.ide.mcu.externaltools.gnu-tools-for-stm32.10.3-2021.10.win32_1.0.200.202301161003/tools/bin/../lib/gcc/arm-none-eabi/10.3.1/../../../../arm-none-eabi/lib/thumb/v6-m/nofp\libc_nano.a
END GROUP
START GROUP
LOAD e:/st/stm32cubeide_1.12.1/stm32cubeide/plugins/com.st.stm32cube.ide.mcu.externaltools.gnu-tools-for-stm32.10.3-2021.10.win32_1.0.200.202301161003/tools/bin/../lib/gcc/arm-none-eabi/10.3.1/thumb/v6-m/nofp\libgcc.a
LOAD e:/st/stm32cubeide_1.12.1/stm32cubeide/plugins/com.st.stm32cube.ide.mcu.externaltools.gnu-tools-for-stm32.10.3-2021.10.win32_1.0.200.202301161003/tools/bin/../lib/gcc/arm-none-eabi/10.3.1/../../../../arm-none-eabi/lib/thumb/v6-m/nofp\libc_nano.a
LOAD e:/st/stm32cubeide_1.12.1/stm32cubeide/plugins/com.st.stm32cube.ide.mcu.externaltools.gnu-tools-for-stm32.10.3-2021.10.win32_1.0.200.202301161003/tools/bin/../lib/gcc/arm-none-eabi/10.3.1/../../../../arm-none-eabi/lib/thumb/v6-m/nofp\libnosys.a
END GROUP
START GROUP
LOAD e:/st/stm32cubeide_1.12.1/stm32cubeide/plugins/com.st.stm32cube.ide.mcu.externaltools.gnu-tools-for-stm32.10.3-2021.10.win32_1.0.200.202301161003/tools/bin/../lib/gcc/arm-none-eabi/10.3.1/thumb/v6-m/nofp\libgcc.a
LOAD e:/st/stm32cubeide_1.12.1/stm32cubeide/plugins/com.st.stm32cube.ide.mcu.externaltools.gnu-tools-for-stm32.10.3-2021.10.win32_1.0.200.202301161003/tools/bin/../lib/gcc/arm-none-eabi/10.3.1/../../../../arm-none-eabi/lib/thumb/v6-m/nofp\libc_nano.a
LOAD e:/st/stm32cubeide_1.12.1/stm32cubeide/plugins/com.st.stm32cube.ide.mcu.externaltools.gnu-tools-for-stm32.10.3-2021.10.win32_1.0.200.202301161003/tools/bin/../lib/gcc/arm-none-eabi/10.3.1/../../../../arm-none-eabi/lib/thumb/v6-m/nofp\libnosys.a
END GROUP
LOAD e:/st/stm32cubeide_1.12.1/stm32cubeide/plugins/com.st.stm32cube.ide.mcu.externaltools.gnu-tools-for-stm32.10.3-2021.10.win32_1.0.200.202301161003/tools/bin/../lib/gcc/arm-none-eabi/10.3.1/thumb/v6-m/nofp/crtend.o
LOAD e:/st/stm32cubeide_1.12.1/stm32cubeide/plugins/com.st.stm32cube.ide.mcu.externaltools.gnu-tools-for-stm32.10.3-2021.10.win32_1.0.200.202301161003/tools/bin/../lib/gcc/arm-none-eabi/10.3.1/thumb/v6-m/nofp/crtn.o
                0x0000000020002000                _estack = (ORIGIN (RAM) + LENGTH (RAM))
                0x0000000000000200                _Min_Heap_Size = 0x200
                0x0000000000000400                _Min_Stack_Size = 0x400

.isr_vector     0x0000000008000000       0xb8
                0x0000000008000000                . = ALIGN (0x4)
 *(.isr_vector)
 .isr_vector    0x0000000008000000       0xb8 ./Core/Startup/startup_stm32g030c8tx.o
                0x0000000008000000                g_pfnVectors
                0x00000000080000b8                . = ALIGN (0x4)

.text           0x00000000080000b8     0xac24
                0x00000000080000b8                . = ALIGN (0x4)
 *(.text)
 .text          0x00000000080000b8       0x48 e:/st/stm32cubeide_1.12.1/stm32cubeide/plugins/com.st.stm32cube.ide.mcu.externaltools.gnu-tools-for-stm32.10.3-2021.10.win32_1.0.200.202301161003/tools/bin/../lib/gcc/arm-none-eabi/10.3.1/thumb/v6-m/nofp/crtbegin.o
 .text          0x0000000008000100        0xe e:/st/stm32cubeide_1.12.1/stm32cubeide/plugins/com.st.stm32cube.ide.mcu.externaltools.gnu-tools-for-stm32.10.3-2021.10.win32_1.0.200.202301161003/tools/bin/../lib/gcc/arm-none-eabi/10.3.1/../../../../arm-none-eabi/lib/thumb/v6-m/nofp\libc_nano.a(lib_a-strlen.o)
                0x0000000008000100                strlen
 *fill*         0x000000000800010e        0x2 
 .text          0x0000000008000110       0x14 e:/st/stm32cubeide_1.12.1/stm32cubeide/plugins/com.st.stm32cube.ide.mcu.externaltools.gnu-tools-for-stm32.10.3-2021.10.win32_1.0.200.202301161003/tools/bin/../lib/gcc/arm-none-eabi/10.3.1/thumb/v6-m/nofp\libgcc.a(_thumb1_case_uqi.o)
                0x0000000008000110                __gnu_thumb1_case_uqi
 .text          0x0000000008000124       0x14 e:/st/stm32cubeide_1.12.1/stm32cubeide/plugins/com.st.stm32cube.ide.mcu.externaltools.gnu-tools-for-stm32.10.3-2021.10.win32_1.0.200.202301161003/tools/bin/../lib/gcc/arm-none-eabi/10.3.1/thumb/v6-m/nofp\libgcc.a(_thumb1_case_shi.o)
                0x0000000008000124                __gnu_thumb1_case_shi
 .text          0x0000000008000138      0x114 e:/st/stm32cubeide_1.12.1/stm32cubeide/plugins/com.st.stm32cube.ide.mcu.externaltools.gnu-tools-for-stm32.10.3-2021.10.win32_1.0.200.202301161003/tools/bin/../lib/gcc/arm-none-eabi/10.3.1/thumb/v6-m/nofp\libgcc.a(_udivsi3.o)
                0x0000000008000138                __aeabi_uidiv
                0x0000000008000138                __udivsi3
                0x0000000008000244                __aeabi_uidivmod
 .text          0x000000000800024c      0x1d4 e:/st/stm32cubeide_1.12.1/stm32cubeide/plugins/com.st.stm32cube.ide.mcu.externaltools.gnu-tools-for-stm32.10.3-2021.10.win32_1.0.200.202301161003/tools/bin/../lib/gcc/arm-none-eabi/10.3.1/thumb/v6-m/nofp\libgcc.a(_divsi3.o)
                0x000000000800024c                __divsi3
                0x000000000800024c                __aeabi_idiv
                0x0000000008000418                __aeabi_idivmod
 .text          0x0000000008000420        0x4 e:/st/stm32cubeide_1.12.1/stm32cubeide/plugins/com.st.stm32cube.ide.mcu.externaltools.gnu-tools-for-stm32.10.3-2021.10.win32_1.0.200.202301161003/tools/bin/../lib/gcc/arm-none-eabi/10.3.1/thumb/v6-m/nofp\libgcc.a(_dvmd_tls.o)
                0x0000000008000420                __aeabi_idiv0
                0x0000000008000420                __aeabi_ldiv0
 .text          0x0000000008000424       0x7c e:/st/stm32cubeide_1.12.1/stm32cubeide/plugins/com.st.stm32cube.ide.mcu.externaltools.gnu-tools-for-stm32.10.3-2021.10.win32_1.0.200.202301161003/tools/bin/../lib/gcc/arm-none-eabi/10.3.1/thumb/v6-m/nofp\libgcc.a(_arm_cmpdf2.o)
                0x0000000008000424                __aeabi_cdrcmple
                0x0000000008000434                __aeabi_cdcmple
                0x0000000008000434                __aeabi_cdcmpeq
                0x0000000008000444                __aeabi_dcmpeq
                0x0000000008000450                __aeabi_dcmplt
                0x0000000008000464                __aeabi_dcmple
                0x0000000008000478                __aeabi_dcmpgt
                0x000000000800048c                __aeabi_dcmpge
 .text          0x00000000080004a0       0x74 e:/st/stm32cubeide_1.12.1/stm32cubeide/plugins/com.st.stm32cube.ide.mcu.externaltools.gnu-tools-for-stm32.10.3-2021.10.win32_1.0.200.202301161003/tools/bin/../lib/gcc/arm-none-eabi/10.3.1/thumb/v6-m/nofp\libgcc.a(_arm_cmpsf2.o)
                0x00000000080004a0                __aeabi_cfrcmple
                0x00000000080004a8                __aeabi_cfcmpeq
                0x00000000080004a8                __aeabi_cfcmple
                0x00000000080004b8                __aeabi_fcmpeq
                0x00000000080004c4                __aeabi_fcmplt
                0x00000000080004d8                __aeabi_fcmple
                0x00000000080004ec                __aeabi_fcmpgt
                0x0000000008000500                __aeabi_fcmpge
 .text          0x0000000008000514      0x33c e:/st/stm32cubeide_1.12.1/stm32cubeide/plugins/com.st.stm32cube.ide.mcu.externaltools.gnu-tools-for-stm32.10.3-2021.10.win32_1.0.200.202301161003/tools/bin/../lib/gcc/arm-none-eabi/10.3.1/thumb/v6-m/nofp\libgcc.a(addsf3.o)
                0x0000000008000514                __aeabi_fadd
 .text          0x0000000008000850      0x230 e:/st/stm32cubeide_1.12.1/stm32cubeide/plugins/com.st.stm32cube.ide.mcu.externaltools.gnu-tools-for-stm32.10.3-2021.10.win32_1.0.200.202301161003/tools/bin/../lib/gcc/arm-none-eabi/10.3.1/thumb/v6-m/nofp\libgcc.a(divsf3.o)
                0x0000000008000850                __aeabi_fdiv
 .text          0x0000000008000a80       0x4c e:/st/stm32cubeide_1.12.1/stm32cubeide/plugins/com.st.stm32cube.ide.mcu.externaltools.gnu-tools-for-stm32.10.3-2021.10.win32_1.0.200.202301161003/tools/bin/../lib/gcc/arm-none-eabi/10.3.1/thumb/v6-m/nofp\libgcc.a(eqsf2.o)
                0x0000000008000a80                __eqsf2
                0x0000000008000a80                __nesf2
 .text          0x0000000008000acc       0x8c e:/st/stm32cubeide_1.12.1/stm32cubeide/plugins/com.st.stm32cube.ide.mcu.externaltools.gnu-tools-for-stm32.10.3-2021.10.win32_1.0.200.202301161003/tools/bin/../lib/gcc/arm-none-eabi/10.3.1/thumb/v6-m/nofp\libgcc.a(gesf2.o)
                0x0000000008000acc                __gesf2
                0x0000000008000acc                __gtsf2
 .text          0x0000000008000b58       0x88 e:/st/stm32cubeide_1.12.1/stm32cubeide/plugins/com.st.stm32cube.ide.mcu.externaltools.gnu-tools-for-stm32.10.3-2021.10.win32_1.0.200.202301161003/tools/bin/../lib/gcc/arm-none-eabi/10.3.1/thumb/v6-m/nofp\libgcc.a(lesf2.o)
                0x0000000008000b58                __ltsf2
                0x0000000008000b58                __lesf2
 .text          0x0000000008000be0      0x24c e:/st/stm32cubeide_1.12.1/stm32cubeide/plugins/com.st.stm32cube.ide.mcu.externaltools.gnu-tools-for-stm32.10.3-2021.10.win32_1.0.200.202301161003/tools/bin/../lib/gcc/arm-none-eabi/10.3.1/thumb/v6-m/nofp\libgcc.a(mulsf3.o)
                0x0000000008000be0                __aeabi_fmul
 .text          0x0000000008000e2c      0x35c e:/st/stm32cubeide_1.12.1/stm32cubeide/plugins/com.st.stm32cube.ide.mcu.externaltools.gnu-tools-for-stm32.10.3-2021.10.win32_1.0.200.202301161003/tools/bin/../lib/gcc/arm-none-eabi/10.3.1/thumb/v6-m/nofp\libgcc.a(subsf3.o)
                0x0000000008000e2c                __aeabi_fsub
 .text          0x0000000008001188       0x2c e:/st/stm32cubeide_1.12.1/stm32cubeide/plugins/com.st.stm32cube.ide.mcu.externaltools.gnu-tools-for-stm32.10.3-2021.10.win32_1.0.200.202301161003/tools/bin/../lib/gcc/arm-none-eabi/10.3.1/thumb/v6-m/nofp\libgcc.a(unordsf2.o)
                0x0000000008001188                __aeabi_fcmpun
 .text          0x00000000080011b4       0x9c e:/st/stm32cubeide_1.12.1/stm32cubeide/plugins/com.st.stm32cube.ide.mcu.externaltools.gnu-tools-for-stm32.10.3-2021.10.win32_1.0.200.202301161003/tools/bin/../lib/gcc/arm-none-eabi/10.3.1/thumb/v6-m/nofp\libgcc.a(floatsisf.o)
                0x00000000080011b4                __aeabi_i2f
 .text          0x0000000008001250      0x678 e:/st/stm32cubeide_1.12.1/stm32cubeide/plugins/com.st.stm32cube.ide.mcu.externaltools.gnu-tools-for-stm32.10.3-2021.10.win32_1.0.200.202301161003/tools/bin/../lib/gcc/arm-none-eabi/10.3.1/thumb/v6-m/nofp\libgcc.a(adddf3.o)
                0x0000000008001250                __aeabi_dadd
 .text          0x00000000080018c8      0x5ec e:/st/stm32cubeide_1.12.1/stm32cubeide/plugins/com.st.stm32cube.ide.mcu.externaltools.gnu-tools-for-stm32.10.3-2021.10.win32_1.0.200.202301161003/tools/bin/../lib/gcc/arm-none-eabi/10.3.1/thumb/v6-m/nofp\libgcc.a(divdf3.o)
                0x00000000080018c8                __aeabi_ddiv
 .text          0x0000000008001eb4       0x84 e:/st/stm32cubeide_1.12.1/stm32cubeide/plugins/com.st.stm32cube.ide.mcu.externaltools.gnu-tools-for-stm32.10.3-2021.10.win32_1.0.200.202301161003/tools/bin/../lib/gcc/arm-none-eabi/10.3.1/thumb/v6-m/nofp\libgcc.a(eqdf2.o)
                0x0000000008001eb4                __nedf2
                0x0000000008001eb4                __eqdf2
 .text          0x0000000008001f38       0xcc e:/st/stm32cubeide_1.12.1/stm32cubeide/plugins/com.st.stm32cube.ide.mcu.externaltools.gnu-tools-for-stm32.10.3-2021.10.win32_1.0.200.202301161003/tools/bin/../lib/gcc/arm-none-eabi/10.3.1/thumb/v6-m/nofp\libgcc.a(gedf2.o)
                0x0000000008001f38                __gedf2
                0x0000000008001f38                __gtdf2
 .text          0x0000000008002004       0xc8 e:/st/stm32cubeide_1.12.1/stm32cubeide/plugins/com.st.stm32cube.ide.mcu.externaltools.gnu-tools-for-stm32.10.3-2021.10.win32_1.0.200.202301161003/tools/bin/../lib/gcc/arm-none-eabi/10.3.1/thumb/v6-m/nofp\libgcc.a(ledf2.o)
                0x0000000008002004                __ledf2
                0x0000000008002004                __ltdf2
 .text          0x00000000080020cc      0x4d8 e:/st/stm32cubeide_1.12.1/stm32cubeide/plugins/com.st.stm32cube.ide.mcu.externaltools.gnu-tools-for-stm32.10.3-2021.10.win32_1.0.200.202301161003/tools/bin/../lib/gcc/arm-none-eabi/10.3.1/thumb/v6-m/nofp\libgcc.a(muldf3.o)
                0x00000000080020cc                __aeabi_dmul
 .text          0x00000000080025a4      0x724 e:/st/stm32cubeide_1.12.1/stm32cubeide/plugins/com.st.stm32cube.ide.mcu.externaltools.gnu-tools-for-stm32.10.3-2021.10.win32_1.0.200.202301161003/tools/bin/../lib/gcc/arm-none-eabi/10.3.1/thumb/v6-m/nofp\libgcc.a(subdf3.o)
                0x00000000080025a4                __aeabi_dsub
 .text          0x0000000008002cc8       0x3c e:/st/stm32cubeide_1.12.1/stm32cubeide/plugins/com.st.stm32cube.ide.mcu.externaltools.gnu-tools-for-stm32.10.3-2021.10.win32_1.0.200.202301161003/tools/bin/../lib/gcc/arm-none-eabi/10.3.1/thumb/v6-m/nofp\libgcc.a(unorddf2.o)
                0x0000000008002cc8                __aeabi_dcmpun
 .text          0x0000000008002d04       0x6c e:/st/stm32cubeide_1.12.1/stm32cubeide/plugins/com.st.stm32cube.ide.mcu.externaltools.gnu-tools-for-stm32.10.3-2021.10.win32_1.0.200.202301161003/tools/bin/../lib/gcc/arm-none-eabi/10.3.1/thumb/v6-m/nofp\libgcc.a(fixdfsi.o)
                0x0000000008002d04                __aeabi_d2iz
 .text          0x0000000008002d70       0x60 e:/st/stm32cubeide_1.12.1/stm32cubeide/plugins/com.st.stm32cube.ide.mcu.externaltools.gnu-tools-for-stm32.10.3-2021.10.win32_1.0.200.202301161003/tools/bin/../lib/gcc/arm-none-eabi/10.3.1/thumb/v6-m/nofp\libgcc.a(floatsidf.o)
                0x0000000008002d70                __aeabi_i2d
 .text          0x0000000008002dd0       0x4c e:/st/stm32cubeide_1.12.1/stm32cubeide/plugins/com.st.stm32cube.ide.mcu.externaltools.gnu-tools-for-stm32.10.3-2021.10.win32_1.0.200.202301161003/tools/bin/../lib/gcc/arm-none-eabi/10.3.1/thumb/v6-m/nofp\libgcc.a(floatunsidf.o)
                0x0000000008002dd0                __aeabi_ui2d
 .text          0x0000000008002e1c       0x90 e:/st/stm32cubeide_1.12.1/stm32cubeide/plugins/com.st.stm32cube.ide.mcu.externaltools.gnu-tools-for-stm32.10.3-2021.10.win32_1.0.200.202301161003/tools/bin/../lib/gcc/arm-none-eabi/10.3.1/thumb/v6-m/nofp\libgcc.a(extendsfdf2.o)
                0x0000000008002e1c                __aeabi_f2d
 .text          0x0000000008002eac      0x110 e:/st/stm32cubeide_1.12.1/stm32cubeide/plugins/com.st.stm32cube.ide.mcu.externaltools.gnu-tools-for-stm32.10.3-2021.10.win32_1.0.200.202301161003/tools/bin/../lib/gcc/arm-none-eabi/10.3.1/thumb/v6-m/nofp\libgcc.a(truncdfsf2.o)
                0x0000000008002eac                __aeabi_d2f
 .text          0x0000000008002fbc       0x3c e:/st/stm32cubeide_1.12.1/stm32cubeide/plugins/com.st.stm32cube.ide.mcu.externaltools.gnu-tools-for-stm32.10.3-2021.10.win32_1.0.200.202301161003/tools/bin/../lib/gcc/arm-none-eabi/10.3.1/thumb/v6-m/nofp\libgcc.a(_clzsi2.o)
                0x0000000008002fbc                __clzsi2
 *(.text*)
 .text.u8g2_DrawBox
                0x0000000008002ff8       0x48 ./Core/Inc/csrc/u8g2_box.o
                0x0000000008002ff8                u8g2_DrawBox
 .text.u8g2_send_buffer
                0x0000000008003040       0x56 ./Core/Inc/csrc/u8g2_buffer.o
 .text.u8g2_ClearBuffer
                0x0000000008003096       0x1a ./Core/Inc/csrc/u8g2_buffer.o
                0x0000000008003096                u8g2_ClearBuffer
 .text.u8g2_SendBuffer
                0x00000000080030b0       0x10 ./Core/Inc/csrc/u8g2_buffer.o
                0x00000000080030b0                u8g2_SendBuffer
 .text.u8g2_m_16_8_1
                0x00000000080030c0        0xc ./Core/Inc/csrc/u8g2_d_memory.o
                0x00000000080030c0                u8g2_m_16_8_1
 .text.u8g2_Setup_ssd1306_i2c_128x64_noname_1
                0x00000000080030cc       0x38 ./Core/Inc/csrc/u8g2_d_setup.o
                0x00000000080030cc                u8g2_Setup_ssd1306_i2c_128x64_noname_1
 .text.u8g2_font_get_word
                0x0000000008003104        0xe ./Core/Inc/csrc/u8g2_font.o
 .text.u8g2_font_calc_vref_font
                0x0000000008003112        0x4 ./Core/Inc/csrc/u8g2_font.o
                0x0000000008003112                u8g2_font_calc_vref_font
 .text.u8g2_read_font_info
                0x0000000008003116       0x6a ./Core/Inc/csrc/u8g2_font.o
                0x0000000008003116                u8g2_read_font_info
 .text.u8g2_font_decode_get_unsigned_bits
                0x0000000008003180       0x38 ./Core/Inc/csrc/u8g2_font.o
                0x0000000008003180                u8g2_font_decode_get_unsigned_bits
 .text.u8g2_font_setup_decode
                0x00000000080031b8       0x38 ./Core/Inc/csrc/u8g2_font.o
 .text.u8g2_font_decode_get_signed_bits
                0x00000000080031f0       0x16 ./Core/Inc/csrc/u8g2_font.o
                0x00000000080031f0                u8g2_font_decode_get_signed_bits
 .text.u8g2_add_vector_y
                0x0000000008003206       0x1e ./Core/Inc/csrc/u8g2_font.o
                0x0000000008003206                u8g2_add_vector_y
 .text.u8g2_add_vector_x
                0x0000000008003224       0x1e ./Core/Inc/csrc/u8g2_font.o
                0x0000000008003224                u8g2_add_vector_x
 .text.u8g2_font_decode_len
                0x0000000008003242       0xc2 ./Core/Inc/csrc/u8g2_font.o
                0x0000000008003242                u8g2_font_decode_len
 .text.u8g2_font_decode_glyph
                0x0000000008003304      0x14a ./Core/Inc/csrc/u8g2_font.o
                0x0000000008003304                u8g2_font_decode_glyph
 .text.u8g2_font_get_glyph_data
                0x000000000800344e       0x72 ./Core/Inc/csrc/u8g2_font.o
                0x000000000800344e                u8g2_font_get_glyph_data
 .text.u8g2_DrawGlyph
                0x00000000080034c0       0x62 ./Core/Inc/csrc/u8g2_font.o
                0x00000000080034c0                u8g2_DrawGlyph
 *fill*         0x0000000008003522        0x2 
 .text.u8g2_draw_string
                0x0000000008003524       0x70 ./Core/Inc/csrc/u8g2_font.o
 .text.u8g2_DrawStr
                0x0000000008003594       0x10 ./Core/Inc/csrc/u8g2_font.o
                0x0000000008003594                u8g2_DrawStr
 .text.u8g2_UpdateRefHeight
                0x00000000080035a4       0x62 ./Core/Inc/csrc/u8g2_font.o
                0x00000000080035a4                u8g2_UpdateRefHeight
 *fill*         0x0000000008003606        0x2 
 .text.u8g2_SetFontPosBaseline
                0x0000000008003608        0xc ./Core/Inc/csrc/u8g2_font.o
                0x0000000008003608                u8g2_SetFontPosBaseline
 .text.u8g2_SetFont
                0x0000000008003614       0x1a ./Core/Inc/csrc/u8g2_font.o
                0x0000000008003614                u8g2_SetFont
 .text.u8g2_draw_hv_line_2dir
                0x000000000800362e       0x14 ./Core/Inc/csrc/u8g2_hvline.o
                0x000000000800362e                u8g2_draw_hv_line_2dir
 .text.u8g2_DrawHVLine
                0x0000000008003642       0xe4 ./Core/Inc/csrc/u8g2_hvline.o
                0x0000000008003642                u8g2_DrawHVLine
 .text.u8g2_SetDrawColor
                0x0000000008003726       0x10 ./Core/Inc/csrc/u8g2_hvline.o
                0x0000000008003726                u8g2_SetDrawColor
 .text.u8g2_is_intersection_decision_tree
                0x0000000008003736       0x1e ./Core/Inc/csrc/u8g2_intersection.o
                0x0000000008003736                u8g2_is_intersection_decision_tree
 .text.u8g2_IsIntersection
                0x0000000008003754       0x32 ./Core/Inc/csrc/u8g2_intersection.o
                0x0000000008003754                u8g2_IsIntersection
 .text.u8g2_ll_hvline_vertical_top_lsb
                0x0000000008003786       0xa6 ./Core/Inc/csrc/u8g2_ll_hvline.o
                0x0000000008003786                u8g2_ll_hvline_vertical_top_lsb
 .text.u8g2_update_dimension_common
                0x000000000800382c       0x48 ./Core/Inc/csrc/u8g2_setup.o
 .text.u8g2_update_dimension_r0
                0x0000000008003874        0x8 ./Core/Inc/csrc/u8g2_setup.o
                0x0000000008003874                u8g2_update_dimension_r0
 .text.u8g2_draw_l90_r0
                0x000000000800387c        0xe ./Core/Inc/csrc/u8g2_setup.o
                0x000000000800387c                u8g2_draw_l90_r0
 .text.u8g2_draw_l90_r2
                0x000000000800388a       0x3a ./Core/Inc/csrc/u8g2_setup.o
                0x000000000800388a                u8g2_draw_l90_r2
 .text.u8g2_apply_clip_window
                0x00000000080038c4       0x72 ./Core/Inc/csrc/u8g2_setup.o
 .text.u8g2_update_page_win_r0
                0x0000000008003936       0x1a ./Core/Inc/csrc/u8g2_setup.o
                0x0000000008003936                u8g2_update_page_win_r0
 .text.u8g2_update_page_win_r2
                0x0000000008003950       0x38 ./Core/Inc/csrc/u8g2_setup.o
                0x0000000008003950                u8g2_update_page_win_r2
 .text.u8g2_update_dimension_r2
                0x0000000008003988        0x8 ./Core/Inc/csrc/u8g2_setup.o
                0x0000000008003988                u8g2_update_dimension_r2
 .text.u8g2_SetMaxClipWindow
                0x0000000008003990       0x14 ./Core/Inc/csrc/u8g2_setup.o
                0x0000000008003990                u8g2_SetMaxClipWindow
 .text.u8g2_SetupBuffer
                0x00000000080039a4       0x42 ./Core/Inc/csrc/u8g2_setup.o
                0x00000000080039a4                u8g2_SetupBuffer
 .text.u8g2_SetDisplayRotation
                0x00000000080039e6       0x14 ./Core/Inc/csrc/u8g2_setup.o
                0x00000000080039e6                u8g2_SetDisplayRotation
 *fill*         0x00000000080039fa        0x2 
 .text.u8x8_ascii_next
                0x00000000080039fc       0x14 ./Core/Inc/csrc/u8x8_8x8.o
                0x00000000080039fc                u8x8_ascii_next
 .text.u8x8_utf8_init
                0x0000000008003a10        0x8 ./Core/Inc/csrc/u8x8_8x8.o
                0x0000000008003a10                u8x8_utf8_init
 .text.u8x8_byte_SendBytes
                0x0000000008003a18        0xe ./Core/Inc/csrc/u8x8_byte.o
                0x0000000008003a18                u8x8_byte_SendBytes
 .text.u8x8_byte_SendByte
                0x0000000008003a26       0x10 ./Core/Inc/csrc/u8x8_byte.o
                0x0000000008003a26                u8x8_byte_SendByte
 .text.u8x8_byte_StartTransfer
                0x0000000008003a36        0xe ./Core/Inc/csrc/u8x8_byte.o
                0x0000000008003a36                u8x8_byte_StartTransfer
 .text.u8x8_byte_EndTransfer
                0x0000000008003a44        0xe ./Core/Inc/csrc/u8x8_byte.o
                0x0000000008003a44                u8x8_byte_EndTransfer
 .text.u8x8_i2c_data_transfer
                0x0000000008003a52       0x28 ./Core/Inc/csrc/u8x8_cad.o
 .text.u8x8_cad_SendCmd
                0x0000000008003a7a        0xe ./Core/Inc/csrc/u8x8_cad.o
                0x0000000008003a7a                u8x8_cad_SendCmd
 .text.u8x8_cad_SendArg
                0x0000000008003a88        0xe ./Core/Inc/csrc/u8x8_cad.o
                0x0000000008003a88                u8x8_cad_SendArg
 .text.u8x8_cad_SendData
                0x0000000008003a96        0xe ./Core/Inc/csrc/u8x8_cad.o
                0x0000000008003a96                u8x8_cad_SendData
 .text.u8x8_cad_StartTransfer
                0x0000000008003aa4        0xe ./Core/Inc/csrc/u8x8_cad.o
                0x0000000008003aa4                u8x8_cad_StartTransfer
 .text.u8x8_cad_EndTransfer
                0x0000000008003ab2        0xe ./Core/Inc/csrc/u8x8_cad.o
                0x0000000008003ab2                u8x8_cad_EndTransfer
 .text.u8x8_cad_SendSequence
                0x0000000008003ac0       0x5e ./Core/Inc/csrc/u8x8_cad.o
                0x0000000008003ac0                u8x8_cad_SendSequence
 *fill*         0x0000000008003b1e        0x2 
 .text.u8x8_cad_ssd13xx_fast_i2c
                0x0000000008003b20       0xc0 ./Core/Inc/csrc/u8x8_cad.o
                0x0000000008003b20                u8x8_cad_ssd13xx_fast_i2c
 .text.u8x8_d_ssd1306_sh1106_generic
                0x0000000008003be0       0xd8 ./Core/Inc/csrc/u8x8_d_ssd1306_128x64_noname.o
 .text.u8x8_d_ssd1306_128x64_noname
                0x0000000008003cb8       0x3c ./Core/Inc/csrc/u8x8_d_ssd1306_128x64_noname.o
                0x0000000008003cb8                u8x8_d_ssd1306_128x64_noname
 .text.u8x8_d_helper_display_setup_memory
                0x0000000008003cf4        0xa ./Core/Inc/csrc/u8x8_display.o
                0x0000000008003cf4                u8x8_d_helper_display_setup_memory
 .text.u8x8_d_helper_display_init
                0x0000000008003cfe       0x5e ./Core/Inc/csrc/u8x8_display.o
                0x0000000008003cfe                u8x8_d_helper_display_init
 .text.u8x8_DrawTile
                0x0000000008003d5c       0x1a ./Core/Inc/csrc/u8x8_display.o
                0x0000000008003d5c                u8x8_DrawTile
 .text.u8x8_SetupMemory
                0x0000000008003d76        0xe ./Core/Inc/csrc/u8x8_display.o
                0x0000000008003d76                u8x8_SetupMemory
 .text.u8x8_InitDisplay
                0x0000000008003d84        0xe ./Core/Inc/csrc/u8x8_display.o
                0x0000000008003d84                u8x8_InitDisplay
 .text.u8x8_SetPowerSave
                0x0000000008003d92        0xe ./Core/Inc/csrc/u8x8_display.o
                0x0000000008003d92                u8x8_SetPowerSave
 .text.u8x8_RefreshDisplay
                0x0000000008003da0        0xe ./Core/Inc/csrc/u8x8_display.o
                0x0000000008003da0                u8x8_RefreshDisplay
 .text.u8x8_gpio_call
                0x0000000008003dae        0xa ./Core/Inc/csrc/u8x8_gpio.o
                0x0000000008003dae                u8x8_gpio_call
 .text.u8x8_dummy_cb
                0x0000000008003db8        0x4 ./Core/Inc/csrc/u8x8_setup.o
                0x0000000008003db8                u8x8_dummy_cb
 .text.u8x8_SetupDefaults
                0x0000000008003dbc       0x28 ./Core/Inc/csrc/u8x8_setup.o
                0x0000000008003dbc                u8x8_SetupDefaults
 .text.u8x8_Setup
                0x0000000008003de4       0x20 ./Core/Inc/csrc/u8x8_setup.o
                0x0000000008003de4                u8x8_Setup
 .text.LM_Init  0x0000000008003e04       0x14 ./Core/Src/Light_meter.o
                0x0000000008003e04                LM_Init
 .text.OLED_Off
                0x0000000008003e18       0x58 ./Core/Src/Light_meter.o
                0x0000000008003e18                OLED_Off
 .text.T        0x0000000008003e70       0x7c ./Core/Src/Light_meter.o
                0x0000000008003e70                T
 .text.A        0x0000000008003eec       0x80 ./Core/Src/Light_meter.o
                0x0000000008003eec                A
 .text.Aim      0x0000000008003f6c       0x7c ./Core/Src/Light_meter.o
                0x0000000008003f6c                Aim
 .text.KeyScan  0x0000000008003fe8      0x144 ./Core/Src/Light_meter.o
                0x0000000008003fe8                KeyScan
 .text.KeyScan1
                0x000000000800412c      0x148 ./Core/Src/Light_meter.o
                0x000000000800412c                KeyScan1
 .text.KeyScan2
                0x0000000008004274      0x160 ./Core/Src/Light_meter.o
                0x0000000008004274                KeyScan2
 .text.frame    0x00000000080043d4       0x64 ./Core/Src/Light_meter.o
                0x00000000080043d4                frame
 .text.Loop     0x0000000008004438      0x4e0 ./Core/Src/Light_meter.o
                0x0000000008004438                Loop
 .text.SystemClock_Config
                0x0000000008004918       0x74 ./Core/Src/main.o
                0x0000000008004918                SystemClock_Config
 .text.startup.main
                0x000000000800498c      0x1e8 ./Core/Src/main.o
                0x000000000800498c                main
 .text.HAL_MspInit
                0x0000000008004b74       0x30 ./Core/Src/stm32g0xx_hal_msp.o
                0x0000000008004b74                HAL_MspInit
 .text.HAL_ADC_MspInit
                0x0000000008004ba4       0x58 ./Core/Src/stm32g0xx_hal_msp.o
                0x0000000008004ba4                HAL_ADC_MspInit
 .text.HAL_I2C_MspInit
                0x0000000008004bfc       0x64 ./Core/Src/stm32g0xx_hal_msp.o
                0x0000000008004bfc                HAL_I2C_MspInit
 .text.NMI_Handler
                0x0000000008004c60        0x2 ./Core/Src/stm32g0xx_it.o
                0x0000000008004c60                NMI_Handler
 .text.HardFault_Handler
                0x0000000008004c62        0x2 ./Core/Src/stm32g0xx_it.o
                0x0000000008004c62                HardFault_Handler
 .text.SVC_Handler
                0x0000000008004c64        0x2 ./Core/Src/stm32g0xx_it.o
                0x0000000008004c64                SVC_Handler
 .text.PendSV_Handler
                0x0000000008004c66        0x2 ./Core/Src/stm32g0xx_it.o
                0x0000000008004c66                PendSV_Handler
 .text.SysTick_Handler
                0x0000000008004c68        0x8 ./Core/Src/stm32g0xx_it.o
                0x0000000008004c68                SysTick_Handler
 .text.EXTI4_15_IRQHandler
                0x0000000008004c70       0x1c ./Core/Src/stm32g0xx_it.o
                0x0000000008004c70                EXTI4_15_IRQHandler
 .text._getpid  0x0000000008004c8c        0x4 ./Core/Src/syscalls.o
                0x0000000008004c8c                _getpid
 .text._kill    0x0000000008004c90       0x10 ./Core/Src/syscalls.o
                0x0000000008004c90                _kill
 .text._exit    0x0000000008004ca0        0xc ./Core/Src/syscalls.o
                0x0000000008004ca0                _exit
 .text._read    0x0000000008004cac       0x1a ./Core/Src/syscalls.o
                0x0000000008004cac                _read
 .text._write   0x0000000008004cc6       0x1a ./Core/Src/syscalls.o
                0x0000000008004cc6                _write
 .text._close   0x0000000008004ce0        0x6 ./Core/Src/syscalls.o
                0x0000000008004ce0                _close
 .text._fstat   0x0000000008004ce6        0xa ./Core/Src/syscalls.o
                0x0000000008004ce6                _fstat
 .text._isatty  0x0000000008004cf0        0x4 ./Core/Src/syscalls.o
                0x0000000008004cf0                _isatty
 .text._lseek   0x0000000008004cf4        0x4 ./Core/Src/syscalls.o
                0x0000000008004cf4                _lseek
 .text._sbrk    0x0000000008004cf8       0x40 ./Core/Src/sysmem.o
                0x0000000008004cf8                _sbrk
 .text.SystemInit
                0x0000000008004d38        0x2 ./Core/Src/system_stm32g0xx.o
                0x0000000008004d38                SystemInit
 .text.u8g2_gpio_and_delay_stm32
                0x0000000008004d3a       0x2c ./Core/Src/u8g2_iic.o
                0x0000000008004d3a                u8g2_gpio_and_delay_stm32
 *fill*         0x0000000008004d66        0x2 
 .text.u8x8_byte_i2c
                0x0000000008004d68       0x78 ./Core/Src/u8g2_iic.o
                0x0000000008004d68                u8x8_byte_i2c
 .text.u8g2_Init
                0x0000000008004de0       0x3c ./Core/Src/u8g2_iic.o
                0x0000000008004de0                u8g2_Init
 .text.veml7700_write
                0x0000000008004e1c       0x24 ./Core/Src/veml7700.o
                0x0000000008004e1c                veml7700_write
 .text.veml7700_read
                0x0000000008004e40       0x24 ./Core/Src/veml7700.o
                0x0000000008004e40                veml7700_read
 .text.veml7700_set_light_sensor_value
                0x0000000008004e64       0x44 ./Core/Src/veml7700.o
 .text.get_lux_data
                0x0000000008004ea8       0x2c ./Core/Src/veml7700.o
                0x0000000008004ea8                get_lux_data
 .text.veml7700_init
                0x0000000008004ed4       0x50 ./Core/Src/veml7700.o
                0x0000000008004ed4                veml7700_init
 .text.Reset_Handler
                0x0000000008004f24       0x50 ./Core/Startup/startup_stm32g030c8tx.o
                0x0000000008004f24                Reset_Handler
 .text.Default_Handler
                0x0000000008004f74        0x2 ./Core/Startup/startup_stm32g030c8tx.o
                0x0000000008004f74                TIM1_CC_IRQHandler
                0x0000000008004f74                I2C1_IRQHandler
                0x0000000008004f74                RTC_TAMP_IRQHandler
                0x0000000008004f74                SPI1_IRQHandler
                0x0000000008004f74                DMA1_Ch4_5_DMAMUX1_OVR_IRQHandler
                0x0000000008004f74                EXTI2_3_IRQHandler
                0x0000000008004f74                ADC1_IRQHandler
                0x0000000008004f74                I2C2_IRQHandler
                0x0000000008004f74                TIM17_IRQHandler
                0x0000000008004f74                TIM16_IRQHandler
                0x0000000008004f74                TIM3_IRQHandler
                0x0000000008004f74                RCC_IRQHandler
                0x0000000008004f74                DMA1_Channel1_IRQHandler
                0x0000000008004f74                Default_Handler
                0x0000000008004f74                TIM14_IRQHandler
                0x0000000008004f74                EXTI0_1_IRQHandler
                0x0000000008004f74                SPI2_IRQHandler
                0x0000000008004f74                WWDG_IRQHandler
                0x0000000008004f74                DMA1_Channel2_3_IRQHandler
                0x0000000008004f74                USART2_IRQHandler
                0x0000000008004f74                FLASH_IRQHandler
                0x0000000008004f74                USART1_IRQHandler
                0x0000000008004f74                TIM1_BRK_UP_TRG_COM_IRQHandler
 *fill*         0x0000000008004f76        0x2 
 .text.HAL_InitTick
                0x0000000008004f78       0x50 ./Drivers/STM32G0xx_HAL_Driver/Src/stm32g0xx_hal.o
                0x0000000008004f78                HAL_InitTick
 .text.HAL_Init
                0x0000000008004fc8       0x28 ./Drivers/STM32G0xx_HAL_Driver/Src/stm32g0xx_hal.o
                0x0000000008004fc8                HAL_Init
 .text.HAL_IncTick
                0x0000000008004ff0       0x18 ./Drivers/STM32G0xx_HAL_Driver/Src/stm32g0xx_hal.o
                0x0000000008004ff0                HAL_IncTick
 .text.HAL_GetTick
                0x0000000008005008        0xc ./Drivers/STM32G0xx_HAL_Driver/Src/stm32g0xx_hal.o
                0x0000000008005008                HAL_GetTick
 .text.HAL_Delay
                0x0000000008005014       0x24 ./Drivers/STM32G0xx_HAL_Driver/Src/stm32g0xx_hal.o
                0x0000000008005014                HAL_Delay
 .text.HAL_SuspendTick
                0x0000000008005038       0x10 ./Drivers/STM32G0xx_HAL_Driver/Src/stm32g0xx_hal.o
                0x0000000008005038                HAL_SuspendTick
 .text.HAL_ResumeTick
                0x0000000008005048       0x10 ./Drivers/STM32G0xx_HAL_Driver/Src/stm32g0xx_hal.o
                0x0000000008005048                HAL_ResumeTick
 .text.LL_ADC_REG_IsConversionOngoing
                0x0000000008005058        0x8 ./Drivers/STM32G0xx_HAL_Driver/Src/stm32g0xx_hal_adc.o
 .text.HAL_ADC_Init
                0x0000000008005060      0x228 ./Drivers/STM32G0xx_HAL_Driver/Src/stm32g0xx_hal_adc.o
                0x0000000008005060                HAL_ADC_Init
 .text.HAL_ADC_GetValue
                0x0000000008005288        0x6 ./Drivers/STM32G0xx_HAL_Driver/Src/stm32g0xx_hal_adc.o
                0x0000000008005288                HAL_ADC_GetValue
 *fill*         0x000000000800528e        0x2 
 .text.HAL_ADC_ConfigChannel
                0x0000000008005290      0x24c ./Drivers/STM32G0xx_HAL_Driver/Src/stm32g0xx_hal_adc.o
                0x0000000008005290                HAL_ADC_ConfigChannel
 .text.ADC_Enable
                0x00000000080054dc       0xb8 ./Drivers/STM32G0xx_HAL_Driver/Src/stm32g0xx_hal_adc.o
                0x00000000080054dc                ADC_Enable
 .text.HAL_ADC_Start
                0x0000000008005594       0x5c ./Drivers/STM32G0xx_HAL_Driver/Src/stm32g0xx_hal_adc.o
                0x0000000008005594                HAL_ADC_Start
 .text.HAL_NVIC_SetPriority
                0x00000000080055f0       0x54 ./Drivers/STM32G0xx_HAL_Driver/Src/stm32g0xx_hal_cortex.o
                0x00000000080055f0                HAL_NVIC_SetPriority
 .text.HAL_NVIC_EnableIRQ
                0x0000000008005644       0x18 ./Drivers/STM32G0xx_HAL_Driver/Src/stm32g0xx_hal_cortex.o
                0x0000000008005644                HAL_NVIC_EnableIRQ
 .text.HAL_SYSTICK_Config
                0x000000000800565c       0x34 ./Drivers/STM32G0xx_HAL_Driver/Src/stm32g0xx_hal_cortex.o
                0x000000000800565c                HAL_SYSTICK_Config
 .text.HAL_GPIO_Init
                0x0000000008005690      0x15c ./Drivers/STM32G0xx_HAL_Driver/Src/stm32g0xx_hal_gpio.o
                0x0000000008005690                HAL_GPIO_Init
 .text.HAL_GPIO_ReadPin
                0x00000000080057ec        0xc ./Drivers/STM32G0xx_HAL_Driver/Src/stm32g0xx_hal_gpio.o
                0x00000000080057ec                HAL_GPIO_ReadPin
 .text.HAL_GPIO_WritePin
                0x00000000080057f8        0xc ./Drivers/STM32G0xx_HAL_Driver/Src/stm32g0xx_hal_gpio.o
                0x00000000080057f8                HAL_GPIO_WritePin
 .text.HAL_GPIO_EXTI_Rising_Callback
                0x0000000008005804        0x2 ./Drivers/STM32G0xx_HAL_Driver/Src/stm32g0xx_hal_gpio.o
                0x0000000008005804                HAL_GPIO_EXTI_Rising_Callback
 .text.HAL_GPIO_EXTI_Falling_Callback
                0x0000000008005806        0x2 ./Drivers/STM32G0xx_HAL_Driver/Src/stm32g0xx_hal_gpio.o
                0x0000000008005806                HAL_GPIO_EXTI_Falling_Callback
 .text.HAL_GPIO_EXTI_IRQHandler
                0x0000000008005808       0x28 ./Drivers/STM32G0xx_HAL_Driver/Src/stm32g0xx_hal_gpio.o
                0x0000000008005808                HAL_GPIO_EXTI_IRQHandler
 .text.I2C_Flush_TXDR
                0x0000000008005830       0x1c ./Drivers/STM32G0xx_HAL_Driver/Src/stm32g0xx_hal_i2c.o
 .text.I2C_TransferConfig
                0x000000000800584c       0x2c ./Drivers/STM32G0xx_HAL_Driver/Src/stm32g0xx_hal_i2c.o
 .text.I2C_IsErrorOccurred
                0x0000000008005878      0x108 ./Drivers/STM32G0xx_HAL_Driver/Src/stm32g0xx_hal_i2c.o
 .text.I2C_WaitOnTXISFlagUntilTimeout
                0x0000000008005980       0x5a ./Drivers/STM32G0xx_HAL_Driver/Src/stm32g0xx_hal_i2c.o
 .text.I2C_WaitOnFlagUntilTimeout
                0x00000000080059da       0x6e ./Drivers/STM32G0xx_HAL_Driver/Src/stm32g0xx_hal_i2c.o
 .text.I2C_WaitOnSTOPFlagUntilTimeout
                0x0000000008005a48       0x54 ./Drivers/STM32G0xx_HAL_Driver/Src/stm32g0xx_hal_i2c.o
 .text.HAL_I2C_Init
                0x0000000008005a9c       0xbc ./Drivers/STM32G0xx_HAL_Driver/Src/stm32g0xx_hal_i2c.o
                0x0000000008005a9c                HAL_I2C_Init
 .text.HAL_I2C_Master_Transmit
                0x0000000008005b58      0x150 ./Drivers/STM32G0xx_HAL_Driver/Src/stm32g0xx_hal_i2c.o
                0x0000000008005b58                HAL_I2C_Master_Transmit
 .text.HAL_I2C_Mem_Write
                0x0000000008005ca8      0x1bc ./Drivers/STM32G0xx_HAL_Driver/Src/stm32g0xx_hal_i2c.o
                0x0000000008005ca8                HAL_I2C_Mem_Write
 .text.HAL_I2C_Mem_Read
                0x0000000008005e64      0x1c4 ./Drivers/STM32G0xx_HAL_Driver/Src/stm32g0xx_hal_i2c.o
                0x0000000008005e64                HAL_I2C_Mem_Read
 .text.HAL_I2CEx_ConfigAnalogFilter
                0x0000000008006028       0x4c ./Drivers/STM32G0xx_HAL_Driver/Src/stm32g0xx_hal_i2c_ex.o
                0x0000000008006028                HAL_I2CEx_ConfigAnalogFilter
 .text.HAL_I2CEx_ConfigDigitalFilter
                0x0000000008006074       0x48 ./Drivers/STM32G0xx_HAL_Driver/Src/stm32g0xx_hal_i2c_ex.o
                0x0000000008006074                HAL_I2CEx_ConfigDigitalFilter
 .text.HAL_PWR_EnterSLEEPMode
                0x00000000080060bc       0x48 ./Drivers/STM32G0xx_HAL_Driver/Src/stm32g0xx_hal_pwr.o
                0x00000000080060bc                HAL_PWR_EnterSLEEPMode
 .text.HAL_PWREx_ControlVoltageScaling
                0x0000000008006104       0x58 ./Drivers/STM32G0xx_HAL_Driver/Src/stm32g0xx_hal_pwr_ex.o
                0x0000000008006104                HAL_PWREx_ControlVoltageScaling
 .text.HAL_PWREx_EnableLowPowerRunMode
                0x000000000800615c       0x14 ./Drivers/STM32G0xx_HAL_Driver/Src/stm32g0xx_hal_pwr_ex.o
                0x000000000800615c                HAL_PWREx_EnableLowPowerRunMode
 .text.HAL_PWREx_DisableLowPowerRunMode
                0x0000000008006170       0x4c ./Drivers/STM32G0xx_HAL_Driver/Src/stm32g0xx_hal_pwr_ex.o
                0x0000000008006170                HAL_PWREx_DisableLowPowerRunMode
 .text.HAL_RCC_OscConfig
                0x00000000080061bc      0x434 ./Drivers/STM32G0xx_HAL_Driver/Src/stm32g0xx_hal_rcc.o
                0x00000000080061bc                HAL_RCC_OscConfig
 .text.HAL_RCC_GetSysClockFreq
                0x00000000080065f0       0x8c ./Drivers/STM32G0xx_HAL_Driver/Src/stm32g0xx_hal_rcc.o
                0x00000000080065f0                HAL_RCC_GetSysClockFreq
 .text.HAL_RCC_ClockConfig
                0x000000000800667c      0x15c ./Drivers/STM32G0xx_HAL_Driver/Src/stm32g0xx_hal_rcc.o
                0x000000000800667c                HAL_RCC_ClockConfig
 .text.__errno  0x00000000080067d8        0xc e:/st/stm32cubeide_1.12.1/stm32cubeide/plugins/com.st.stm32cube.ide.mcu.externaltools.gnu-tools-for-stm32.10.3-2021.10.win32_1.0.200.202301161003/tools/bin/../lib/gcc/arm-none-eabi/10.3.1/../../../../arm-none-eabi/lib/thumb/v6-m/nofp\libc_nano.a(lib_a-errno.o)
                0x00000000080067d8                __errno
 .text.__libc_init_array
                0x00000000080067e4       0x48 e:/st/stm32cubeide_1.12.1/stm32cubeide/plugins/com.st.stm32cube.ide.mcu.externaltools.gnu-tools-for-stm32.10.3-2021.10.win32_1.0.200.202301161003/tools/bin/../lib/gcc/arm-none-eabi/10.3.1/../../../../arm-none-eabi/lib/thumb/v6-m/nofp\libc_nano.a(lib_a-init.o)
                0x00000000080067e4                __libc_init_array
 .text.__itoa   0x000000000800682c       0x30 e:/st/stm32cubeide_1.12.1/stm32cubeide/plugins/com.st.stm32cube.ide.mcu.externaltools.gnu-tools-for-stm32.10.3-2021.10.win32_1.0.200.202301161003/tools/bin/../lib/gcc/arm-none-eabi/10.3.1/../../../../arm-none-eabi/lib/thumb/v6-m/nofp\libc_nano.a(lib_a-itoa.o)
                0x000000000800682c                __itoa
 .text.itoa     0x000000000800685c        0x8 e:/st/stm32cubeide_1.12.1/stm32cubeide/plugins/com.st.stm32cube.ide.mcu.externaltools.gnu-tools-for-stm32.10.3-2021.10.win32_1.0.200.202301161003/tools/bin/../lib/gcc/arm-none-eabi/10.3.1/../../../../arm-none-eabi/lib/thumb/v6-m/nofp\libc_nano.a(lib_a-itoa.o)
                0x000000000800685c                itoa
 .text.memcpy   0x0000000008006864       0x12 e:/st/stm32cubeide_1.12.1/stm32cubeide/plugins/com.st.stm32cube.ide.mcu.externaltools.gnu-tools-for-stm32.10.3-2021.10.win32_1.0.200.202301161003/tools/bin/../lib/gcc/arm-none-eabi/10.3.1/../../../../arm-none-eabi/lib/thumb/v6-m/nofp\libc_nano.a(lib_a-memcpy-stub.o)
                0x0000000008006864                memcpy
 .text.memset   0x0000000008006876       0x10 e:/st/stm32cubeide_1.12.1/stm32cubeide/plugins/com.st.stm32cube.ide.mcu.externaltools.gnu-tools-for-stm32.10.3-2021.10.win32_1.0.200.202301161003/tools/bin/../lib/gcc/arm-none-eabi/10.3.1/../../../../arm-none-eabi/lib/thumb/v6-m/nofp\libc_nano.a(lib_a-memset.o)
                0x0000000008006876                memset
 .text.__cvt    0x0000000008006886       0xc6 e:/st/stm32cubeide_1.12.1/stm32cubeide/plugins/com.st.stm32cube.ide.mcu.externaltools.gnu-tools-for-stm32.10.3-2021.10.win32_1.0.200.202301161003/tools/bin/../lib/gcc/arm-none-eabi/10.3.1/../../../../arm-none-eabi/lib/thumb/v6-m/nofp\libc_nano.a(lib_a-nano-vfprintf_float.o)
                0x0000000008006886                __cvt
 .text.__exponent
                0x000000000800694c       0x8e e:/st/stm32cubeide_1.12.1/stm32cubeide/plugins/com.st.stm32cube.ide.mcu.externaltools.gnu-tools-for-stm32.10.3-2021.10.win32_1.0.200.202301161003/tools/bin/../lib/gcc/arm-none-eabi/10.3.1/../../../../arm-none-eabi/lib/thumb/v6-m/nofp\libc_nano.a(lib_a-nano-vfprintf_float.o)
                0x000000000800694c                __exponent
 *fill*         0x00000000080069da        0x2 
 .text._printf_float
                0x00000000080069dc      0x484 e:/st/stm32cubeide_1.12.1/stm32cubeide/plugins/com.st.stm32cube.ide.mcu.externaltools.gnu-tools-for-stm32.10.3-2021.10.win32_1.0.200.202301161003/tools/bin/../lib/gcc/arm-none-eabi/10.3.1/../../../../arm-none-eabi/lib/thumb/v6-m/nofp\libc_nano.a(lib_a-nano-vfprintf_float.o)
                0x00000000080069dc                _printf_float
 .text._printf_common
                0x0000000008006e60       0xde e:/st/stm32cubeide_1.12.1/stm32cubeide/plugins/com.st.stm32cube.ide.mcu.externaltools.gnu-tools-for-stm32.10.3-2021.10.win32_1.0.200.202301161003/tools/bin/../lib/gcc/arm-none-eabi/10.3.1/../../../../arm-none-eabi/lib/thumb/v6-m/nofp\libc_nano.a(lib_a-nano-vfprintf_i.o)
                0x0000000008006e60                _printf_common
 *fill*         0x0000000008006f3e        0x2 
 .text._printf_i
                0x0000000008006f40      0x224 e:/st/stm32cubeide_1.12.1/stm32cubeide/plugins/com.st.stm32cube.ide.mcu.externaltools.gnu-tools-for-stm32.10.3-2021.10.win32_1.0.200.202301161003/tools/bin/../lib/gcc/arm-none-eabi/10.3.1/../../../../arm-none-eabi/lib/thumb/v6-m/nofp\libc_nano.a(lib_a-nano-vfprintf_i.o)
                0x0000000008006f40                _printf_i
 .text.sprintf  0x0000000008007164       0x40 e:/st/stm32cubeide_1.12.1/stm32cubeide/plugins/com.st.stm32cube.ide.mcu.externaltools.gnu-tools-for-stm32.10.3-2021.10.win32_1.0.200.202301161003/tools/bin/../lib/gcc/arm-none-eabi/10.3.1/../../../../arm-none-eabi/lib/thumb/v6-m/nofp\libc_nano.a(lib_a-sprintf.o)
                0x0000000008007164                siprintf
                0x0000000008007164                sprintf
 .text.__utoa   0x00000000080071a4       0x6c e:/st/stm32cubeide_1.12.1/stm32cubeide/plugins/com.st.stm32cube.ide.mcu.externaltools.gnu-tools-for-stm32.10.3-2021.10.win32_1.0.200.202301161003/tools/bin/../lib/gcc/arm-none-eabi/10.3.1/../../../../arm-none-eabi/lib/thumb/v6-m/nofp\libc_nano.a(lib_a-utoa.o)
                0x00000000080071a4                __utoa
 .text.quorem   0x0000000008007210      0x116 e:/st/stm32cubeide_1.12.1/stm32cubeide/plugins/com.st.stm32cube.ide.mcu.externaltools.gnu-tools-for-stm32.10.3-2021.10.win32_1.0.200.202301161003/tools/bin/../lib/gcc/arm-none-eabi/10.3.1/../../../../arm-none-eabi/lib/thumb/v6-m/nofp\libc_nano.a(lib_a-dtoa.o)
 *fill*         0x0000000008007326        0x2 
 .text._dtoa_r  0x0000000008007328      0xc34 e:/st/stm32cubeide_1.12.1/stm32cubeide/plugins/com.st.stm32cube.ide.mcu.externaltools.gnu-tools-for-stm32.10.3-2021.10.win32_1.0.200.202301161003/tools/bin/../lib/gcc/arm-none-eabi/10.3.1/../../../../arm-none-eabi/lib/thumb/v6-m/nofp\libc_nano.a(lib_a-dtoa.o)
                0x0000000008007328                _dtoa_r
 .text._localeconv_r
                0x0000000008007f5c        0x8 e:/st/stm32cubeide_1.12.1/stm32cubeide/plugins/com.st.stm32cube.ide.mcu.externaltools.gnu-tools-for-stm32.10.3-2021.10.win32_1.0.200.202301161003/tools/bin/../lib/gcc/arm-none-eabi/10.3.1/../../../../arm-none-eabi/lib/thumb/v6-m/nofp\libc_nano.a(lib_a-localeconv.o)
                0x0000000008007f5c                _localeconv_r
 .text.malloc   0x0000000008007f64       0x14 e:/st/stm32cubeide_1.12.1/stm32cubeide/plugins/com.st.stm32cube.ide.mcu.externaltools.gnu-tools-for-stm32.10.3-2021.10.win32_1.0.200.202301161003/tools/bin/../lib/gcc/arm-none-eabi/10.3.1/../../../../arm-none-eabi/lib/thumb/v6-m/nofp\libc_nano.a(lib_a-malloc.o)
                0x0000000008007f64                malloc
 .text.memchr   0x0000000008007f78       0x16 e:/st/stm32cubeide_1.12.1/stm32cubeide/plugins/com.st.stm32cube.ide.mcu.externaltools.gnu-tools-for-stm32.10.3-2021.10.win32_1.0.200.202301161003/tools/bin/../lib/gcc/arm-none-eabi/10.3.1/../../../../arm-none-eabi/lib/thumb/v6-m/nofp\libc_nano.a(lib_a-memchr-stub.o)
                0x0000000008007f78                memchr
 *fill*         0x0000000008007f8e        0x2 
 .text._Balloc  0x0000000008007f90       0x88 e:/st/stm32cubeide_1.12.1/stm32cubeide/plugins/com.st.stm32cube.ide.mcu.externaltools.gnu-tools-for-stm32.10.3-2021.10.win32_1.0.200.202301161003/tools/bin/../lib/gcc/arm-none-eabi/10.3.1/../../../../arm-none-eabi/lib/thumb/v6-m/nofp\libc_nano.a(lib_a-mprec.o)
                0x0000000008007f90                _Balloc
 .text._Bfree   0x0000000008008018       0x48 e:/st/stm32cubeide_1.12.1/stm32cubeide/plugins/com.st.stm32cube.ide.mcu.externaltools.gnu-tools-for-stm32.10.3-2021.10.win32_1.0.200.202301161003/tools/bin/../lib/gcc/arm-none-eabi/10.3.1/../../../../arm-none-eabi/lib/thumb/v6-m/nofp\libc_nano.a(lib_a-mprec.o)
                0x0000000008008018                _Bfree
 .text.__multadd
                0x0000000008008060       0x88 e:/st/stm32cubeide_1.12.1/stm32cubeide/plugins/com.st.stm32cube.ide.mcu.externaltools.gnu-tools-for-stm32.10.3-2021.10.win32_1.0.200.202301161003/tools/bin/../lib/gcc/arm-none-eabi/10.3.1/../../../../arm-none-eabi/lib/thumb/v6-m/nofp\libc_nano.a(lib_a-mprec.o)
                0x0000000008008060                __multadd
 .text.__hi0bits
                0x00000000080080e8       0x34 e:/st/stm32cubeide_1.12.1/stm32cubeide/plugins/com.st.stm32cube.ide.mcu.externaltools.gnu-tools-for-stm32.10.3-2021.10.win32_1.0.200.202301161003/tools/bin/../lib/gcc/arm-none-eabi/10.3.1/../../../../arm-none-eabi/lib/thumb/v6-m/nofp\libc_nano.a(lib_a-mprec.o)
                0x00000000080080e8                __hi0bits
 .text.__lo0bits
                0x000000000800811c       0x5c e:/st/stm32cubeide_1.12.1/stm32cubeide/plugins/com.st.stm32cube.ide.mcu.externaltools.gnu-tools-for-stm32.10.3-2021.10.win32_1.0.200.202301161003/tools/bin/../lib/gcc/arm-none-eabi/10.3.1/../../../../arm-none-eabi/lib/thumb/v6-m/nofp\libc_nano.a(lib_a-mprec.o)
                0x000000000800811c                __lo0bits
 .text.__i2b    0x0000000008008178       0x2c e:/st/stm32cubeide_1.12.1/stm32cubeide/plugins/com.st.stm32cube.ide.mcu.externaltools.gnu-tools-for-stm32.10.3-2021.10.win32_1.0.200.202301161003/tools/bin/../lib/gcc/arm-none-eabi/10.3.1/../../../../arm-none-eabi/lib/thumb/v6-m/nofp\libc_nano.a(lib_a-mprec.o)
                0x0000000008008178                __i2b
 .text.__multiply
                0x00000000080081a4      0x160 e:/st/stm32cubeide_1.12.1/stm32cubeide/plugins/com.st.stm32cube.ide.mcu.externaltools.gnu-tools-for-stm32.10.3-2021.10.win32_1.0.200.202301161003/tools/bin/../lib/gcc/arm-none-eabi/10.3.1/../../../../arm-none-eabi/lib/thumb/v6-m/nofp\libc_nano.a(lib_a-mprec.o)
                0x00000000080081a4                __multiply
 .text.__pow5mult
                0x0000000008008304       0xb8 e:/st/stm32cubeide_1.12.1/stm32cubeide/plugins/com.st.stm32cube.ide.mcu.externaltools.gnu-tools-for-stm32.10.3-2021.10.win32_1.0.200.202301161003/tools/bin/../lib/gcc/arm-none-eabi/10.3.1/../../../../arm-none-eabi/lib/thumb/v6-m/nofp\libc_nano.a(lib_a-mprec.o)
                0x0000000008008304                __pow5mult
 .text.__lshift
                0x00000000080083bc       0xdc e:/st/stm32cubeide_1.12.1/stm32cubeide/plugins/com.st.stm32cube.ide.mcu.externaltools.gnu-tools-for-stm32.10.3-2021.10.win32_1.0.200.202301161003/tools/bin/../lib/gcc/arm-none-eabi/10.3.1/../../../../arm-none-eabi/lib/thumb/v6-m/nofp\libc_nano.a(lib_a-mprec.o)
                0x00000000080083bc                __lshift
 .text.__mcmp   0x0000000008008498       0x36 e:/st/stm32cubeide_1.12.1/stm32cubeide/plugins/com.st.stm32cube.ide.mcu.externaltools.gnu-tools-for-stm32.10.3-2021.10.win32_1.0.200.202301161003/tools/bin/../lib/gcc/arm-none-eabi/10.3.1/../../../../arm-none-eabi/lib/thumb/v6-m/nofp\libc_nano.a(lib_a-mprec.o)
                0x0000000008008498                __mcmp
 *fill*         0x00000000080084ce        0x2 
 .text.__mdiff  0x00000000080084d0      0x130 e:/st/stm32cubeide_1.12.1/stm32cubeide/plugins/com.st.stm32cube.ide.mcu.externaltools.gnu-tools-for-stm32.10.3-2021.10.win32_1.0.200.202301161003/tools/bin/../lib/gcc/arm-none-eabi/10.3.1/../../../../arm-none-eabi/lib/thumb/v6-m/nofp\libc_nano.a(lib_a-mprec.o)
                0x00000000080084d0                __mdiff
 .text.__d2b    0x0000000008008600       0xc8 e:/st/stm32cubeide_1.12.1/stm32cubeide/plugins/com.st.stm32cube.ide.mcu.externaltools.gnu-tools-for-stm32.10.3-2021.10.win32_1.0.200.202301161003/tools/bin/../lib/gcc/arm-none-eabi/10.3.1/../../../../arm-none-eabi/lib/thumb/v6-m/nofp\libc_nano.a(lib_a-mprec.o)
                0x0000000008008600                __d2b
 .text._calloc_r
                0x00000000080086c8       0x58 e:/st/stm32cubeide_1.12.1/stm32cubeide/plugins/com.st.stm32cube.ide.mcu.externaltools.gnu-tools-for-stm32.10.3-2021.10.win32_1.0.200.202301161003/tools/bin/../lib/gcc/arm-none-eabi/10.3.1/../../../../arm-none-eabi/lib/thumb/v6-m/nofp\libc_nano.a(lib_a-nano-callocr.o)
                0x00000000080086c8                _calloc_r
 .text._free_r  0x0000000008008720       0x94 e:/st/stm32cubeide_1.12.1/stm32cubeide/plugins/com.st.stm32cube.ide.mcu.externaltools.gnu-tools-for-stm32.10.3-2021.10.win32_1.0.200.202301161003/tools/bin/../lib/gcc/arm-none-eabi/10.3.1/../../../../arm-none-eabi/lib/thumb/v6-m/nofp\libc_nano.a(lib_a-nano-freer.o)
                0x0000000008008720                _free_r
 .text.sbrk_aligned
                0x00000000080087b4       0x44 e:/st/stm32cubeide_1.12.1/stm32cubeide/plugins/com.st.stm32cube.ide.mcu.externaltools.gnu-tools-for-stm32.10.3-2021.10.win32_1.0.200.202301161003/tools/bin/../lib/gcc/arm-none-eabi/10.3.1/../../../../arm-none-eabi/lib/thumb/v6-m/nofp\libc_nano.a(lib_a-nano-mallocr.o)
 .text._malloc_r
                0x00000000080087f8       0xec e:/st/stm32cubeide_1.12.1/stm32cubeide/plugins/com.st.stm32cube.ide.mcu.externaltools.gnu-tools-for-stm32.10.3-2021.10.win32_1.0.200.202301161003/tools/bin/../lib/gcc/arm-none-eabi/10.3.1/../../../../arm-none-eabi/lib/thumb/v6-m/nofp\libc_nano.a(lib_a-nano-mallocr.o)
                0x00000000080087f8                _malloc_r
 .text.__ssputs_r
                0x00000000080088e4       0xc4 e:/st/stm32cubeide_1.12.1/stm32cubeide/plugins/com.st.stm32cube.ide.mcu.externaltools.gnu-tools-for-stm32.10.3-2021.10.win32_1.0.200.202301161003/tools/bin/../lib/gcc/arm-none-eabi/10.3.1/../../../../arm-none-eabi/lib/thumb/v6-m/nofp\libc_nano.a(lib_a-nano-svfprintf.o)
                0x00000000080088e4                __ssputs_r
 .text._svfprintf_r
                0x00000000080089a8      0x200 e:/st/stm32cubeide_1.12.1/stm32cubeide/plugins/com.st.stm32cube.ide.mcu.externaltools.gnu-tools-for-stm32.10.3-2021.10.win32_1.0.200.202301161003/tools/bin/../lib/gcc/arm-none-eabi/10.3.1/../../../../arm-none-eabi/lib/thumb/v6-m/nofp\libc_nano.a(lib_a-nano-svfprintf.o)
                0x00000000080089a8                _svfiprintf_r
                0x00000000080089a8                _svfprintf_r
 .text._sbrk_r  0x0000000008008ba8       0x24 e:/st/stm32cubeide_1.12.1/stm32cubeide/plugins/com.st.stm32cube.ide.mcu.externaltools.gnu-tools-for-stm32.10.3-2021.10.win32_1.0.200.202301161003/tools/bin/../lib/gcc/arm-none-eabi/10.3.1/../../../../arm-none-eabi/lib/thumb/v6-m/nofp\libc_nano.a(lib_a-sbrkr.o)
                0x0000000008008ba8                _sbrk_r
 .text.__assert_func
                0x0000000008008bcc       0x3c e:/st/stm32cubeide_1.12.1/stm32cubeide/plugins/com.st.stm32cube.ide.mcu.externaltools.gnu-tools-for-stm32.10.3-2021.10.win32_1.0.200.202301161003/tools/bin/../lib/gcc/arm-none-eabi/10.3.1/../../../../arm-none-eabi/lib/thumb/v6-m/nofp\libc_nano.a(lib_a-assert.o)
                0x0000000008008bcc                __assert_func
 .text.fprintf  0x0000000008008c08       0x20 e:/st/stm32cubeide_1.12.1/stm32cubeide/plugins/com.st.stm32cube.ide.mcu.externaltools.gnu-tools-for-stm32.10.3-2021.10.win32_1.0.200.202301161003/tools/bin/../lib/gcc/arm-none-eabi/10.3.1/../../../../arm-none-eabi/lib/thumb/v6-m/nofp\libc_nano.a(lib_a-fprintf.o)
                0x0000000008008c08                fiprintf
                0x0000000008008c08                fprintf
 .text.__ascii_mbtowc
                0x0000000008008c28       0x24 e:/st/stm32cubeide_1.12.1/stm32cubeide/plugins/com.st.stm32cube.ide.mcu.externaltools.gnu-tools-for-stm32.10.3-2021.10.win32_1.0.200.202301161003/tools/bin/../lib/gcc/arm-none-eabi/10.3.1/../../../../arm-none-eabi/lib/thumb/v6-m/nofp\libc_nano.a(lib_a-mbtowc_r.o)
                0x0000000008008c28                __ascii_mbtowc
 .text.memmove  0x0000000008008c4c       0x26 e:/st/stm32cubeide_1.12.1/stm32cubeide/plugins/com.st.stm32cube.ide.mcu.externaltools.gnu-tools-for-stm32.10.3-2021.10.win32_1.0.200.202301161003/tools/bin/../lib/gcc/arm-none-eabi/10.3.1/../../../../arm-none-eabi/lib/thumb/v6-m/nofp\libc_nano.a(lib_a-memmove.o)
                0x0000000008008c4c                memmove
 *fill*         0x0000000008008c72        0x2 
 .text.__malloc_lock
                0x0000000008008c74       0x10 e:/st/stm32cubeide_1.12.1/stm32cubeide/plugins/com.st.stm32cube.ide.mcu.externaltools.gnu-tools-for-stm32.10.3-2021.10.win32_1.0.200.202301161003/tools/bin/../lib/gcc/arm-none-eabi/10.3.1/../../../../arm-none-eabi/lib/thumb/v6-m/nofp\libc_nano.a(lib_a-mlock.o)
                0x0000000008008c74                __malloc_lock
 .text.__malloc_unlock
                0x0000000008008c84       0x10 e:/st/stm32cubeide_1.12.1/stm32cubeide/plugins/com.st.stm32cube.ide.mcu.externaltools.gnu-tools-for-stm32.10.3-2021.10.win32_1.0.200.202301161003/tools/bin/../lib/gcc/arm-none-eabi/10.3.1/../../../../arm-none-eabi/lib/thumb/v6-m/nofp\libc_nano.a(lib_a-mlock.o)
                0x0000000008008c84                __malloc_unlock
 .text._realloc_r
                0x0000000008008c94       0x5e e:/st/stm32cubeide_1.12.1/stm32cubeide/plugins/com.st.stm32cube.ide.mcu.externaltools.gnu-tools-for-stm32.10.3-2021.10.win32_1.0.200.202301161003/tools/bin/../lib/gcc/arm-none-eabi/10.3.1/../../../../arm-none-eabi/lib/thumb/v6-m/nofp\libc_nano.a(lib_a-nano-reallocr.o)
                0x0000000008008c94                _realloc_r
 .text.__sfputc_r
                0x0000000008008cf2       0x2a e:/st/stm32cubeide_1.12.1/stm32cubeide/plugins/com.st.stm32cube.ide.mcu.externaltools.gnu-tools-for-stm32.10.3-2021.10.win32_1.0.200.202301161003/tools/bin/../lib/gcc/arm-none-eabi/10.3.1/../../../../arm-none-eabi/lib/thumb/v6-m/nofp\libc_nano.a(lib_a-nano-vfprintf.o)
 .text.__sfputs_r
                0x0000000008008d1c       0x24 e:/st/stm32cubeide_1.12.1/stm32cubeide/plugins/com.st.stm32cube.ide.mcu.externaltools.gnu-tools-for-stm32.10.3-2021.10.win32_1.0.200.202301161003/tools/bin/../lib/gcc/arm-none-eabi/10.3.1/../../../../arm-none-eabi/lib/thumb/v6-m/nofp\libc_nano.a(lib_a-nano-vfprintf.o)
                0x0000000008008d1c                __sfputs_r
 .text._vfprintf_r
                0x0000000008008d40      0x274 e:/st/stm32cubeide_1.12.1/stm32cubeide/plugins/com.st.stm32cube.ide.mcu.externaltools.gnu-tools-for-stm32.10.3-2021.10.win32_1.0.200.202301161003/tools/bin/../lib/gcc/arm-none-eabi/10.3.1/../../../../arm-none-eabi/lib/thumb/v6-m/nofp\libc_nano.a(lib_a-nano-vfprintf.o)
                0x0000000008008d40                _vfprintf_r
                0x0000000008008d40                _vfiprintf_r
 .text.__swbuf_r
                0x0000000008008fb4       0xac e:/st/stm32cubeide_1.12.1/stm32cubeide/plugins/com.st.stm32cube.ide.mcu.externaltools.gnu-tools-for-stm32.10.3-2021.10.win32_1.0.200.202301161003/tools/bin/../lib/gcc/arm-none-eabi/10.3.1/../../../../arm-none-eabi/lib/thumb/v6-m/nofp\libc_nano.a(lib_a-wbuf.o)
                0x0000000008008fb4                __swbuf_r
 .text.__ascii_wctomb
                0x0000000008009060       0x1a e:/st/stm32cubeide_1.12.1/stm32cubeide/plugins/com.st.stm32cube.ide.mcu.externaltools.gnu-tools-for-stm32.10.3-2021.10.win32_1.0.200.202301161003/tools/bin/../lib/gcc/arm-none-eabi/10.3.1/../../../../arm-none-eabi/lib/thumb/v6-m/nofp\libc_nano.a(lib_a-wctomb_r.o)
                0x0000000008009060                __ascii_wctomb
 *fill*         0x000000000800907a        0x2 
 .text.__swsetup_r
                0x000000000800907c       0xf0 e:/st/stm32cubeide_1.12.1/stm32cubeide/plugins/com.st.stm32cube.ide.mcu.externaltools.gnu-tools-for-stm32.10.3-2021.10.win32_1.0.200.202301161003/tools/bin/../lib/gcc/arm-none-eabi/10.3.1/../../../../arm-none-eabi/lib/thumb/v6-m/nofp\libc_nano.a(lib_a-wsetup.o)
                0x000000000800907c                __swsetup_r
 .text.abort    0x000000000800916c        0xe e:/st/stm32cubeide_1.12.1/stm32cubeide/plugins/com.st.stm32cube.ide.mcu.externaltools.gnu-tools-for-stm32.10.3-2021.10.win32_1.0.200.202301161003/tools/bin/../lib/gcc/arm-none-eabi/10.3.1/../../../../arm-none-eabi/lib/thumb/v6-m/nofp\libc_nano.a(lib_a-abort.o)
                0x000000000800916c                abort
 *fill*         0x000000000800917a        0x2 
 .text.__sflush_r
                0x000000000800917c      0x118 e:/st/stm32cubeide_1.12.1/stm32cubeide/plugins/com.st.stm32cube.ide.mcu.externaltools.gnu-tools-for-stm32.10.3-2021.10.win32_1.0.200.202301161003/tools/bin/../lib/gcc/arm-none-eabi/10.3.1/../../../../arm-none-eabi/lib/thumb/v6-m/nofp\libc_nano.a(lib_a-fflush.o)
                0x000000000800917c                __sflush_r
 .text._fflush_r
                0x0000000008009294       0x80 e:/st/stm32cubeide_1.12.1/stm32cubeide/plugins/com.st.stm32cube.ide.mcu.externaltools.gnu-tools-for-stm32.10.3-2021.10.win32_1.0.200.202301161003/tools/bin/../lib/gcc/arm-none-eabi/10.3.1/../../../../arm-none-eabi/lib/thumb/v6-m/nofp\libc_nano.a(lib_a-fflush.o)
                0x0000000008009294                _fflush_r
 .text.std      0x0000000008009314       0x48 e:/st/stm32cubeide_1.12.1/stm32cubeide/plugins/com.st.stm32cube.ide.mcu.externaltools.gnu-tools-for-stm32.10.3-2021.10.win32_1.0.200.202301161003/tools/bin/../lib/gcc/arm-none-eabi/10.3.1/../../../../arm-none-eabi/lib/thumb/v6-m/nofp\libc_nano.a(lib_a-findfp.o)
 .text._cleanup_r
                0x000000000800935c       0x10 e:/st/stm32cubeide_1.12.1/stm32cubeide/plugins/com.st.stm32cube.ide.mcu.externaltools.gnu-tools-for-stm32.10.3-2021.10.win32_1.0.200.202301161003/tools/bin/../lib/gcc/arm-none-eabi/10.3.1/../../../../arm-none-eabi/lib/thumb/v6-m/nofp\libc_nano.a(lib_a-findfp.o)
                0x000000000800935c                _cleanup_r
 .text.__sfmoreglue
                0x000000000800936c       0x2c e:/st/stm32cubeide_1.12.1/stm32cubeide/plugins/com.st.stm32cube.ide.mcu.externaltools.gnu-tools-for-stm32.10.3-2021.10.win32_1.0.200.202301161003/tools/bin/../lib/gcc/arm-none-eabi/10.3.1/../../../../arm-none-eabi/lib/thumb/v6-m/nofp\libc_nano.a(lib_a-findfp.o)
                0x000000000800936c                __sfmoreglue
 .text.__sfp_lock_acquire
                0x0000000008009398       0x10 e:/st/stm32cubeide_1.12.1/stm32cubeide/plugins/com.st.stm32cube.ide.mcu.externaltools.gnu-tools-for-stm32.10.3-2021.10.win32_1.0.200.202301161003/tools/bin/../lib/gcc/arm-none-eabi/10.3.1/../../../../arm-none-eabi/lib/thumb/v6-m/nofp\libc_nano.a(lib_a-findfp.o)
                0x0000000008009398                __sfp_lock_acquire
 .text.__sfp_lock_release
                0x00000000080093a8       0x10 e:/st/stm32cubeide_1.12.1/stm32cubeide/plugins/com.st.stm32cube.ide.mcu.externaltools.gnu-tools-for-stm32.10.3-2021.10.win32_1.0.200.202301161003/tools/bin/../lib/gcc/arm-none-eabi/10.3.1/../../../../arm-none-eabi/lib/thumb/v6-m/nofp\libc_nano.a(lib_a-findfp.o)
                0x00000000080093a8                __sfp_lock_release
 .text.__sinit_lock_acquire
                0x00000000080093b8       0x10 e:/st/stm32cubeide_1.12.1/stm32cubeide/plugins/com.st.stm32cube.ide.mcu.externaltools.gnu-tools-for-stm32.10.3-2021.10.win32_1.0.200.202301161003/tools/bin/../lib/gcc/arm-none-eabi/10.3.1/../../../../arm-none-eabi/lib/thumb/v6-m/nofp\libc_nano.a(lib_a-findfp.o)
                0x00000000080093b8                __sinit_lock_acquire
 .text.__sinit_lock_release
                0x00000000080093c8       0x10 e:/st/stm32cubeide_1.12.1/stm32cubeide/plugins/com.st.stm32cube.ide.mcu.externaltools.gnu-tools-for-stm32.10.3-2021.10.win32_1.0.200.202301161003/tools/bin/../lib/gcc/arm-none-eabi/10.3.1/../../../../arm-none-eabi/lib/thumb/v6-m/nofp\libc_nano.a(lib_a-findfp.o)
                0x00000000080093c8                __sinit_lock_release
 .text.__sinit  0x00000000080093d8       0x70 e:/st/stm32cubeide_1.12.1/stm32cubeide/plugins/com.st.stm32cube.ide.mcu.externaltools.gnu-tools-for-stm32.10.3-2021.10.win32_1.0.200.202301161003/tools/bin/../lib/gcc/arm-none-eabi/10.3.1/../../../../arm-none-eabi/lib/thumb/v6-m/nofp\libc_nano.a(lib_a-findfp.o)
                0x00000000080093d8                __sinit
 .text.__sfp    0x0000000008009448       0x90 e:/st/stm32cubeide_1.12.1/stm32cubeide/plugins/com.st.stm32cube.ide.mcu.externaltools.gnu-tools-for-stm32.10.3-2021.10.win32_1.0.200.202301161003/tools/bin/../lib/gcc/arm-none-eabi/10.3.1/../../../../arm-none-eabi/lib/thumb/v6-m/nofp\libc_nano.a(lib_a-findfp.o)
                0x0000000008009448                __sfp
 .text._fwalk_reent
                0x00000000080094d8       0x40 e:/st/stm32cubeide_1.12.1/stm32cubeide/plugins/com.st.stm32cube.ide.mcu.externaltools.gnu-tools-for-stm32.10.3-2021.10.win32_1.0.200.202301161003/tools/bin/../lib/gcc/arm-none-eabi/10.3.1/../../../../arm-none-eabi/lib/thumb/v6-m/nofp\libc_nano.a(lib_a-fwalk.o)
                0x00000000080094d8                _fwalk_reent
 .text.__retarget_lock_init_recursive
                0x0000000008009518        0x2 e:/st/stm32cubeide_1.12.1/stm32cubeide/plugins/com.st.stm32cube.ide.mcu.externaltools.gnu-tools-for-stm32.10.3-2021.10.win32_1.0.200.202301161003/tools/bin/../lib/gcc/arm-none-eabi/10.3.1/../../../../arm-none-eabi/lib/thumb/v6-m/nofp\libc_nano.a(lib_a-lock.o)
                0x0000000008009518                __retarget_lock_init_recursive
 .text.__retarget_lock_acquire_recursive
                0x000000000800951a        0x2 e:/st/stm32cubeide_1.12.1/stm32cubeide/plugins/com.st.stm32cube.ide.mcu.externaltools.gnu-tools-for-stm32.10.3-2021.10.win32_1.0.200.202301161003/tools/bin/../lib/gcc/arm-none-eabi/10.3.1/../../../../arm-none-eabi/lib/thumb/v6-m/nofp\libc_nano.a(lib_a-lock.o)
                0x000000000800951a                __retarget_lock_acquire_recursive
 .text.__retarget_lock_release_recursive
                0x000000000800951c        0x2 e:/st/stm32cubeide_1.12.1/stm32cubeide/plugins/com.st.stm32cube.ide.mcu.externaltools.gnu-tools-for-stm32.10.3-2021.10.win32_1.0.200.202301161003/tools/bin/../lib/gcc/arm-none-eabi/10.3.1/../../../../arm-none-eabi/lib/thumb/v6-m/nofp\libc_nano.a(lib_a-lock.o)
                0x000000000800951c                __retarget_lock_release_recursive
 *fill*         0x000000000800951e        0x2 
 .text.__swhatbuf_r
                0x0000000008009520       0x50 e:/st/stm32cubeide_1.12.1/stm32cubeide/plugins/com.st.stm32cube.ide.mcu.externaltools.gnu-tools-for-stm32.10.3-2021.10.win32_1.0.200.202301161003/tools/bin/../lib/gcc/arm-none-eabi/10.3.1/../../../../arm-none-eabi/lib/thumb/v6-m/nofp\libc_nano.a(lib_a-makebuf.o)
                0x0000000008009520                __swhatbuf_r
 .text.__smakebuf_r
                0x0000000008009570       0x88 e:/st/stm32cubeide_1.12.1/stm32cubeide/plugins/com.st.stm32cube.ide.mcu.externaltools.gnu-tools-for-stm32.10.3-2021.10.win32_1.0.200.202301161003/tools/bin/../lib/gcc/arm-none-eabi/10.3.1/../../../../arm-none-eabi/lib/thumb/v6-m/nofp\libc_nano.a(lib_a-makebuf.o)
                0x0000000008009570                __smakebuf_r
 .text._malloc_usable_size_r
                0x00000000080095f8       0x10 e:/st/stm32cubeide_1.12.1/stm32cubeide/plugins/com.st.stm32cube.ide.mcu.externaltools.gnu-tools-for-stm32.10.3-2021.10.win32_1.0.200.202301161003/tools/bin/../lib/gcc/arm-none-eabi/10.3.1/../../../../arm-none-eabi/lib/thumb/v6-m/nofp\libc_nano.a(lib_a-nano-msizer.o)
                0x00000000080095f8                _malloc_usable_size_r
 .text._raise_r
                0x0000000008009608       0x54 e:/st/stm32cubeide_1.12.1/stm32cubeide/plugins/com.st.stm32cube.ide.mcu.externaltools.gnu-tools-for-stm32.10.3-2021.10.win32_1.0.200.202301161003/tools/bin/../lib/gcc/arm-none-eabi/10.3.1/../../../../arm-none-eabi/lib/thumb/v6-m/nofp\libc_nano.a(lib_a-signal.o)
                0x0000000008009608                _raise_r
 .text.raise    0x000000000800965c       0x14 e:/st/stm32cubeide_1.12.1/stm32cubeide/plugins/com.st.stm32cube.ide.mcu.externaltools.gnu-tools-for-stm32.10.3-2021.10.win32_1.0.200.202301161003/tools/bin/../lib/gcc/arm-none-eabi/10.3.1/../../../../arm-none-eabi/lib/thumb/v6-m/nofp\libc_nano.a(lib_a-signal.o)
                0x000000000800965c                raise
 .text._kill_r  0x0000000008009670       0x24 e:/st/stm32cubeide_1.12.1/stm32cubeide/plugins/com.st.stm32cube.ide.mcu.externaltools.gnu-tools-for-stm32.10.3-2021.10.win32_1.0.200.202301161003/tools/bin/../lib/gcc/arm-none-eabi/10.3.1/../../../../arm-none-eabi/lib/thumb/v6-m/nofp\libc_nano.a(lib_a-signalr.o)
                0x0000000008009670                _kill_r
 .text._getpid_r
                0x0000000008009694        0x8 e:/st/stm32cubeide_1.12.1/stm32cubeide/plugins/com.st.stm32cube.ide.mcu.externaltools.gnu-tools-for-stm32.10.3-2021.10.win32_1.0.200.202301161003/tools/bin/../lib/gcc/arm-none-eabi/10.3.1/../../../../arm-none-eabi/lib/thumb/v6-m/nofp\libc_nano.a(lib_a-signalr.o)
                0x0000000008009694                _getpid_r
 .text.__sread  0x000000000800969c       0x28 e:/st/stm32cubeide_1.12.1/stm32cubeide/plugins/com.st.stm32cube.ide.mcu.externaltools.gnu-tools-for-stm32.10.3-2021.10.win32_1.0.200.202301161003/tools/bin/../lib/gcc/arm-none-eabi/10.3.1/../../../../arm-none-eabi/lib/thumb/v6-m/nofp\libc_nano.a(lib_a-stdio.o)
                0x000000000800969c                __sread
 .text.__swrite
                0x00000000080096c4       0x38 e:/st/stm32cubeide_1.12.1/stm32cubeide/plugins/com.st.stm32cube.ide.mcu.externaltools.gnu-tools-for-stm32.10.3-2021.10.win32_1.0.200.202301161003/tools/bin/../lib/gcc/arm-none-eabi/10.3.1/../../../../arm-none-eabi/lib/thumb/v6-m/nofp\libc_nano.a(lib_a-stdio.o)
                0x00000000080096c4                __swrite
 .text.__sseek  0x00000000080096fc       0x2c e:/st/stm32cubeide_1.12.1/stm32cubeide/plugins/com.st.stm32cube.ide.mcu.externaltools.gnu-tools-for-stm32.10.3-2021.10.win32_1.0.200.202301161003/tools/bin/../lib/gcc/arm-none-eabi/10.3.1/../../../../arm-none-eabi/lib/thumb/v6-m/nofp\libc_nano.a(lib_a-stdio.o)
                0x00000000080096fc                __sseek
 .text.__sclose
                0x0000000008009728        0xc e:/st/stm32cubeide_1.12.1/stm32cubeide/plugins/com.st.stm32cube.ide.mcu.externaltools.gnu-tools-for-stm32.10.3-2021.10.win32_1.0.200.202301161003/tools/bin/../lib/gcc/arm-none-eabi/10.3.1/../../../../arm-none-eabi/lib/thumb/v6-m/nofp\libc_nano.a(lib_a-stdio.o)
                0x0000000008009728                __sclose
 .text._write_r
                0x0000000008009734       0x28 e:/st/stm32cubeide_1.12.1/stm32cubeide/plugins/com.st.stm32cube.ide.mcu.externaltools.gnu-tools-for-stm32.10.3-2021.10.win32_1.0.200.202301161003/tools/bin/../lib/gcc/arm-none-eabi/10.3.1/../../../../arm-none-eabi/lib/thumb/v6-m/nofp\libc_nano.a(lib_a-writer.o)
                0x0000000008009734                _write_r
 .text._close_r
                0x000000000800975c       0x24 e:/st/stm32cubeide_1.12.1/stm32cubeide/plugins/com.st.stm32cube.ide.mcu.externaltools.gnu-tools-for-stm32.10.3-2021.10.win32_1.0.200.202301161003/tools/bin/../lib/gcc/arm-none-eabi/10.3.1/../../../../arm-none-eabi/lib/thumb/v6-m/nofp\libc_nano.a(lib_a-closer.o)
                0x000000000800975c                _close_r
 .text._fstat_r
                0x0000000008009780       0x24 e:/st/stm32cubeide_1.12.1/stm32cubeide/plugins/com.st.stm32cube.ide.mcu.externaltools.gnu-tools-for-stm32.10.3-2021.10.win32_1.0.200.202301161003/tools/bin/../lib/gcc/arm-none-eabi/10.3.1/../../../../arm-none-eabi/lib/thumb/v6-m/nofp\libc_nano.a(lib_a-fstatr.o)
                0x0000000008009780                _fstat_r
 .text._isatty_r
                0x00000000080097a4       0x24 e:/st/stm32cubeide_1.12.1/stm32cubeide/plugins/com.st.stm32cube.ide.mcu.externaltools.gnu-tools-for-stm32.10.3-2021.10.win32_1.0.200.202301161003/tools/bin/../lib/gcc/arm-none-eabi/10.3.1/../../../../arm-none-eabi/lib/thumb/v6-m/nofp\libc_nano.a(lib_a-isattyr.o)
                0x00000000080097a4                _isatty_r
 .text._lseek_r
                0x00000000080097c8       0x28 e:/st/stm32cubeide_1.12.1/stm32cubeide/plugins/com.st.stm32cube.ide.mcu.externaltools.gnu-tools-for-stm32.10.3-2021.10.win32_1.0.200.202301161003/tools/bin/../lib/gcc/arm-none-eabi/10.3.1/../../../../arm-none-eabi/lib/thumb/v6-m/nofp\libc_nano.a(lib_a-lseekr.o)
                0x00000000080097c8                _lseek_r
 .text._read_r  0x00000000080097f0       0x28 e:/st/stm32cubeide_1.12.1/stm32cubeide/plugins/com.st.stm32cube.ide.mcu.externaltools.gnu-tools-for-stm32.10.3-2021.10.win32_1.0.200.202301161003/tools/bin/../lib/gcc/arm-none-eabi/10.3.1/../../../../arm-none-eabi/lib/thumb/v6-m/nofp\libc_nano.a(lib_a-readr.o)
                0x00000000080097f0                _read_r
 .text.log      0x0000000008009818       0x6c e:/st/stm32cubeide_1.12.1/stm32cubeide/plugins/com.st.stm32cube.ide.mcu.externaltools.gnu-tools-for-stm32.10.3-2021.10.win32_1.0.200.202301161003/tools/bin/../lib/gcc/arm-none-eabi/10.3.1/../../../../arm-none-eabi/lib/thumb/v6-m/nofp\libm.a(lib_a-w_log.o)
                0x0000000008009818                log
 .text.pow      0x0000000008009884       0xdc e:/st/stm32cubeide_1.12.1/stm32cubeide/plugins/com.st.stm32cube.ide.mcu.externaltools.gnu-tools-for-stm32.10.3-2021.10.win32_1.0.200.202301161003/tools/bin/../lib/gcc/arm-none-eabi/10.3.1/../../../../arm-none-eabi/lib/thumb/v6-m/nofp\libm.a(lib_a-w_pow.o)
                0x0000000008009884                pow
 .text.sqrt     0x0000000008009960       0x4c e:/st/stm32cubeide_1.12.1/stm32cubeide/plugins/com.st.stm32cube.ide.mcu.externaltools.gnu-tools-for-stm32.10.3-2021.10.win32_1.0.200.202301161003/tools/bin/../lib/gcc/arm-none-eabi/10.3.1/../../../../arm-none-eabi/lib/thumb/v6-m/nofp\libm.a(lib_a-w_sqrt.o)
                0x0000000008009960                sqrt
 .text.logf     0x00000000080099ac       0x58 e:/st/stm32cubeide_1.12.1/stm32cubeide/plugins/com.st.stm32cube.ide.mcu.externaltools.gnu-tools-for-stm32.10.3-2021.10.win32_1.0.200.202301161003/tools/bin/../lib/gcc/arm-none-eabi/10.3.1/../../../../arm-none-eabi/lib/thumb/v6-m/nofp\libm.a(lib_a-wf_log.o)
                0x00000000080099ac                logf
 .text.__ieee754_log
                0x0000000008009a04      0x360 e:/st/stm32cubeide_1.12.1/stm32cubeide/plugins/com.st.stm32cube.ide.mcu.externaltools.gnu-tools-for-stm32.10.3-2021.10.win32_1.0.200.202301161003/tools/bin/../lib/gcc/arm-none-eabi/10.3.1/../../../../arm-none-eabi/lib/thumb/v6-m/nofp\libm.a(lib_a-e_log.o)
                0x0000000008009a04                __ieee754_log
 .text.__ieee754_pow
                0x0000000008009d64      0xa14 e:/st/stm32cubeide_1.12.1/stm32cubeide/plugins/com.st.stm32cube.ide.mcu.externaltools.gnu-tools-for-stm32.10.3-2021.10.win32_1.0.200.202301161003/tools/bin/../lib/gcc/arm-none-eabi/10.3.1/../../../../arm-none-eabi/lib/thumb/v6-m/nofp\libm.a(lib_a-e_pow.o)
                0x0000000008009d64                __ieee754_pow
 .text.__ieee754_sqrt
                0x000000000800a778      0x16c e:/st/stm32cubeide_1.12.1/stm32cubeide/plugins/com.st.stm32cube.ide.mcu.externaltools.gnu-tools-for-stm32.10.3-2021.10.win32_1.0.200.202301161003/tools/bin/../lib/gcc/arm-none-eabi/10.3.1/../../../../arm-none-eabi/lib/thumb/v6-m/nofp\libm.a(lib_a-e_sqrt.o)
                0x000000000800a778                __ieee754_sqrt
 .text.__ieee754_logf
                0x000000000800a8e4      0x26c e:/st/stm32cubeide_1.12.1/stm32cubeide/plugins/com.st.stm32cube.ide.mcu.externaltools.gnu-tools-for-stm32.10.3-2021.10.win32_1.0.200.202301161003/tools/bin/../lib/gcc/arm-none-eabi/10.3.1/../../../../arm-none-eabi/lib/thumb/v6-m/nofp\libm.a(lib_a-ef_log.o)
                0x000000000800a8e4                __ieee754_logf
 .text.with_errno
                0x000000000800ab50       0x14 e:/st/stm32cubeide_1.12.1/stm32cubeide/plugins/com.st.stm32cube.ide.mcu.externaltools.gnu-tools-for-stm32.10.3-2021.10.win32_1.0.200.202301161003/tools/bin/../lib/gcc/arm-none-eabi/10.3.1/../../../../arm-none-eabi/lib/thumb/v6-m/nofp\libm.a(lib_a-math_err.o)
 .text.xflow    0x000000000800ab64       0x32 e:/st/stm32cubeide_1.12.1/stm32cubeide/plugins/com.st.stm32cube.ide.mcu.externaltools.gnu-tools-for-stm32.10.3-2021.10.win32_1.0.200.202301161003/tools/bin/../lib/gcc/arm-none-eabi/10.3.1/../../../../arm-none-eabi/lib/thumb/v6-m/nofp\libm.a(lib_a-math_err.o)
 .text.__math_uflow
                0x000000000800ab96        0xe e:/st/stm32cubeide_1.12.1/stm32cubeide/plugins/com.st.stm32cube.ide.mcu.externaltools.gnu-tools-for-stm32.10.3-2021.10.win32_1.0.200.202301161003/tools/bin/../lib/gcc/arm-none-eabi/10.3.1/../../../../arm-none-eabi/lib/thumb/v6-m/nofp\libm.a(lib_a-math_err.o)
                0x000000000800ab96                __math_uflow
 .text.__math_oflow
                0x000000000800aba4        0xe e:/st/stm32cubeide_1.12.1/stm32cubeide/plugins/com.st.stm32cube.ide.mcu.externaltools.gnu-tools-for-stm32.10.3-2021.10.win32_1.0.200.202301161003/tools/bin/../lib/gcc/arm-none-eabi/10.3.1/../../../../arm-none-eabi/lib/thumb/v6-m/nofp\libm.a(lib_a-math_err.o)
                0x000000000800aba4                __math_oflow
 .text.fabs     0x000000000800abb2        0x6 e:/st/stm32cubeide_1.12.1/stm32cubeide/plugins/com.st.stm32cube.ide.mcu.externaltools.gnu-tools-for-stm32.10.3-2021.10.win32_1.0.200.202301161003/tools/bin/../lib/gcc/arm-none-eabi/10.3.1/../../../../arm-none-eabi/lib/thumb/v6-m/nofp\libm.a(lib_a-s_fabs.o)
                0x000000000800abb2                fabs
 .text.finite   0x000000000800abb8       0x10 e:/st/stm32cubeide_1.12.1/stm32cubeide/plugins/com.st.stm32cube.ide.mcu.externaltools.gnu-tools-for-stm32.10.3-2021.10.win32_1.0.200.202301161003/tools/bin/../lib/gcc/arm-none-eabi/10.3.1/../../../../arm-none-eabi/lib/thumb/v6-m/nofp\libm.a(lib_a-s_finite.o)
                0x000000000800abb8                finite
 .text.nan      0x000000000800abc8        0xc e:/st/stm32cubeide_1.12.1/stm32cubeide/plugins/com.st.stm32cube.ide.mcu.externaltools.gnu-tools-for-stm32.10.3-2021.10.win32_1.0.200.202301161003/tools/bin/../lib/gcc/arm-none-eabi/10.3.1/../../../../arm-none-eabi/lib/thumb/v6-m/nofp\libm.a(lib_a-s_nan.o)
                0x000000000800abc8                nan
 .text.scalbn   0x000000000800abd4       0xe8 e:/st/stm32cubeide_1.12.1/stm32cubeide/plugins/com.st.stm32cube.ide.mcu.externaltools.gnu-tools-for-stm32.10.3-2021.10.win32_1.0.200.202301161003/tools/bin/../lib/gcc/arm-none-eabi/10.3.1/../../../../arm-none-eabi/lib/thumb/v6-m/nofp\libm.a(lib_a-s_scalbn.o)
                0x000000000800abd4                scalbn
 .text.nanf     0x000000000800acbc        0x8 e:/st/stm32cubeide_1.12.1/stm32cubeide/plugins/com.st.stm32cube.ide.mcu.externaltools.gnu-tools-for-stm32.10.3-2021.10.win32_1.0.200.202301161003/tools/bin/../lib/gcc/arm-none-eabi/10.3.1/../../../../arm-none-eabi/lib/thumb/v6-m/nofp\libm.a(lib_a-sf_nan.o)
                0x000000000800acbc                nanf
 *(.glue_7)
 .glue_7        0x000000000800acc4        0x0 linker stubs
 *(.glue_7t)
 .glue_7t       0x000000000800acc4        0x0 linker stubs
 *(.eh_frame)
 .eh_frame      0x000000000800acc4        0x0 e:/st/stm32cubeide_1.12.1/stm32cubeide/plugins/com.st.stm32cube.ide.mcu.externaltools.gnu-tools-for-stm32.10.3-2021.10.win32_1.0.200.202301161003/tools/bin/../lib/gcc/arm-none-eabi/10.3.1/thumb/v6-m/nofp/crtbegin.o
 *(.init)
 .init          0x000000000800acc4        0x4 e:/st/stm32cubeide_1.12.1/stm32cubeide/plugins/com.st.stm32cube.ide.mcu.externaltools.gnu-tools-for-stm32.10.3-2021.10.win32_1.0.200.202301161003/tools/bin/../lib/gcc/arm-none-eabi/10.3.1/thumb/v6-m/nofp/crti.o
                0x000000000800acc4                _init
 .init          0x000000000800acc8        0x8 e:/st/stm32cubeide_1.12.1/stm32cubeide/plugins/com.st.stm32cube.ide.mcu.externaltools.gnu-tools-for-stm32.10.3-2021.10.win32_1.0.200.202301161003/tools/bin/../lib/gcc/arm-none-eabi/10.3.1/thumb/v6-m/nofp/crtn.o
 *(.fini)
 .fini          0x000000000800acd0        0x4 e:/st/stm32cubeide_1.12.1/stm32cubeide/plugins/com.st.stm32cube.ide.mcu.externaltools.gnu-tools-for-stm32.10.3-2021.10.win32_1.0.200.202301161003/tools/bin/../lib/gcc/arm-none-eabi/10.3.1/thumb/v6-m/nofp/crti.o
                0x000000000800acd0                _fini
 .fini          0x000000000800acd4        0x8 e:/st/stm32cubeide_1.12.1/stm32cubeide/plugins/com.st.stm32cube.ide.mcu.externaltools.gnu-tools-for-stm32.10.3-2021.10.win32_1.0.200.202301161003/tools/bin/../lib/gcc/arm-none-eabi/10.3.1/thumb/v6-m/nofp/crtn.o
                0x000000000800acdc                . = ALIGN (0x4)
                0x000000000800acdc                _etext = .

.vfp11_veneer   0x000000000800acdc        0x0
 .vfp11_veneer  0x000000000800acdc        0x0 linker stubs

.v4_bx          0x000000000800acdc        0x0
 .v4_bx         0x000000000800acdc        0x0 linker stubs

.iplt           0x000000000800acdc        0x0
 .iplt          0x000000000800acdc        0x0 e:/st/stm32cubeide_1.12.1/stm32cubeide/plugins/com.st.stm32cube.ide.mcu.externaltools.gnu-tools-for-stm32.10.3-2021.10.win32_1.0.200.202301161003/tools/bin/../lib/gcc/arm-none-eabi/10.3.1/thumb/v6-m/nofp/crtbegin.o

.rodata         0x000000000800ace0     0x4578
                0x000000000800ace0                . = ALIGN (0x4)
 *(.rodata)
 .rodata        0x000000000800ace0       0x80 e:/st/stm32cubeide_1.12.1/stm32cubeide/plugins/com.st.stm32cube.ide.mcu.externaltools.gnu-tools-for-stm32.10.3-2021.10.win32_1.0.200.202301161003/tools/bin/../lib/gcc/arm-none-eabi/10.3.1/thumb/v6-m/nofp\libgcc.a(divsf3.o)
 .rodata        0x000000000800ad60       0x40 e:/st/stm32cubeide_1.12.1/stm32cubeide/plugins/com.st.stm32cube.ide.mcu.externaltools.gnu-tools-for-stm32.10.3-2021.10.win32_1.0.200.202301161003/tools/bin/../lib/gcc/arm-none-eabi/10.3.1/thumb/v6-m/nofp\libgcc.a(mulsf3.o)
 .rodata        0x000000000800ada0       0x40 e:/st/stm32cubeide_1.12.1/stm32cubeide/plugins/com.st.stm32cube.ide.mcu.externaltools.gnu-tools-for-stm32.10.3-2021.10.win32_1.0.200.202301161003/tools/bin/../lib/gcc/arm-none-eabi/10.3.1/thumb/v6-m/nofp\libgcc.a(divdf3.o)
 .rodata        0x000000000800ade0       0x40 e:/st/stm32cubeide_1.12.1/stm32cubeide/plugins/com.st.stm32cube.ide.mcu.externaltools.gnu-tools-for-stm32.10.3-2021.10.win32_1.0.200.202301161003/tools/bin/../lib/gcc/arm-none-eabi/10.3.1/thumb/v6-m/nofp\libgcc.a(muldf3.o)
 *(.rodata*)
 .rodata.u8g2_font_spleen12x24_mf
                0x000000000800ae20     0x1308 ./Core/Inc/csrc/u8g2_fonts.o
                0x000000000800ae20                u8g2_font_spleen12x24_mf
 .rodata.u8g2_font_spleen16x32_mf
                0x000000000800c128     0x19e9 ./Core/Inc/csrc/u8g2_fonts.o
                0x000000000800c128                u8g2_font_spleen16x32_mf
 .rodata.u8g2_font_spleen5x8_mf
                0x000000000800db11      0x632 ./Core/Inc/csrc/u8g2_fonts.o
                0x000000000800db11                u8g2_font_spleen5x8_mf
 .rodata.u8g2_font_spleen6x12_mf
                0x000000000800e143      0xa7b ./Core/Inc/csrc/u8g2_fonts.o
                0x000000000800e143                u8g2_font_spleen6x12_mf
 *fill*         0x000000000800ebbe        0x2 
 .rodata.u8g2_cb_r0
                0x000000000800ebc0        0xc ./Core/Inc/csrc/u8g2_setup.o
                0x000000000800ebc0                u8g2_cb_r0
 .rodata.u8g2_cb_r2
                0x000000000800ebcc        0xc ./Core/Inc/csrc/u8g2_setup.o
                0x000000000800ebcc                u8g2_cb_r2
 .rodata.u8x8_d_ssd1306_128x64_noname_flip0_seq
                0x000000000800ebd8        0x7 ./Core/Inc/csrc/u8x8_d_ssd1306_128x64_noname.o
 .rodata.u8x8_d_ssd1306_128x64_noname_flip1_seq
                0x000000000800ebdf        0x7 ./Core/Inc/csrc/u8x8_d_ssd1306_128x64_noname.o
 .rodata.u8x8_d_ssd1306_128x64_noname_init_seq
                0x000000000800ebe6       0x35 ./Core/Inc/csrc/u8x8_d_ssd1306_128x64_noname.o
 .rodata.u8x8_d_ssd1306_128x64_noname_powersave0_seq
                0x000000000800ec1b        0x5 ./Core/Inc/csrc/u8x8_d_ssd1306_128x64_noname.o
 .rodata.u8x8_d_ssd1306_128x64_noname_powersave1_seq
                0x000000000800ec20        0x5 ./Core/Inc/csrc/u8x8_d_ssd1306_128x64_noname.o
 *fill*         0x000000000800ec25        0x3 
 .rodata.u8x8_ssd1306_128x64_noname_display_info
                0x000000000800ec28       0x18 ./Core/Inc/csrc/u8x8_d_ssd1306_128x64_noname.o
 .rodata.Loop.str1.1
                0x000000000800ec40       0x34 ./Core/Src/Light_meter.o
                                         0x3c (size before relaxing)
 .rodata.str1.1
                0x000000000800ec74       0x48 ./Core/Src/Light_meter.o
                                         0x5c (size before relaxing)
 .rodata.Ev     0x000000000800ecbc       0x34 ./Core/Src/Light_meter.o
                0x000000000800ecbc                Ev
 .rodata.N      0x000000000800ecf0       0x98 ./Core/Src/Light_meter.o
                0x000000000800ecf0                N
 .rodata.isos   0x000000000800ed88       0x22 ./Core/Src/Light_meter.o
                0x000000000800ed88                isos
 *fill*         0x000000000800edaa        0x2 
 .rodata.shutters
                0x000000000800edac       0x38 ./Core/Src/Light_meter.o
                0x000000000800edac                shutters
 .rodata.AHBPrescTable
                0x000000000800ede4       0x40 ./Core/Src/system_stm32g0xx.o
                0x000000000800ede4                AHBPrescTable
 .rodata._global_impure_ptr
                0x000000000800ee24        0x4 e:/st/stm32cubeide_1.12.1/stm32cubeide/plugins/com.st.stm32cube.ide.mcu.externaltools.gnu-tools-for-stm32.10.3-2021.10.win32_1.0.200.202301161003/tools/bin/../lib/gcc/arm-none-eabi/10.3.1/../../../../arm-none-eabi/lib/thumb/v6-m/nofp\libc_nano.a(lib_a-impure.o)
                0x000000000800ee24                _global_impure_ptr
 .rodata._printf_float.str1.1
                0x000000000800ee28       0x10 e:/st/stm32cubeide_1.12.1/stm32cubeide/plugins/com.st.stm32cube.ide.mcu.externaltools.gnu-tools-for-stm32.10.3-2021.10.win32_1.0.200.202301161003/tools/bin/../lib/gcc/arm-none-eabi/10.3.1/../../../../arm-none-eabi/lib/thumb/v6-m/nofp\libc_nano.a(lib_a-nano-vfprintf_float.o)
                                         0x12 (size before relaxing)
 .rodata._printf_i.str1.1
                0x000000000800ee38       0x22 e:/st/stm32cubeide_1.12.1/stm32cubeide/plugins/com.st.stm32cube.ide.mcu.externaltools.gnu-tools-for-stm32.10.3-2021.10.win32_1.0.200.202301161003/tools/bin/../lib/gcc/arm-none-eabi/10.3.1/../../../../arm-none-eabi/lib/thumb/v6-m/nofp\libc_nano.a(lib_a-nano-vfprintf_i.o)
 .rodata.__utoa.str1.1
                0x000000000800ee5a       0x25 e:/st/stm32cubeide_1.12.1/stm32cubeide/plugins/com.st.stm32cube.ide.mcu.externaltools.gnu-tools-for-stm32.10.3-2021.10.win32_1.0.200.202301161003/tools/bin/../lib/gcc/arm-none-eabi/10.3.1/../../../../arm-none-eabi/lib/thumb/v6-m/nofp\libc_nano.a(lib_a-utoa.o)
 .rodata._dtoa_r.str1.1
                0x000000000800ee7f       0x90 e:/st/stm32cubeide_1.12.1/stm32cubeide/plugins/com.st.stm32cube.ide.mcu.externaltools.gnu-tools-for-stm32.10.3-2021.10.win32_1.0.200.202301161003/tools/bin/../lib/gcc/arm-none-eabi/10.3.1/../../../../arm-none-eabi/lib/thumb/v6-m/nofp\libc_nano.a(lib_a-dtoa.o)
                                         0x92 (size before relaxing)
 .rodata._Balloc.str1.1
                0x000000000800ef0f       0x5c e:/st/stm32cubeide_1.12.1/stm32cubeide/plugins/com.st.stm32cube.ide.mcu.externaltools.gnu-tools-for-stm32.10.3-2021.10.win32_1.0.200.202301161003/tools/bin/../lib/gcc/arm-none-eabi/10.3.1/../../../../arm-none-eabi/lib/thumb/v6-m/nofp\libc_nano.a(lib_a-mprec.o)
                                         0x73 (size before relaxing)
 .rodata.__multadd.str1.1
                0x000000000800ef6b       0x11 e:/st/stm32cubeide_1.12.1/stm32cubeide/plugins/com.st.stm32cube.ide.mcu.externaltools.gnu-tools-for-stm32.10.3-2021.10.win32_1.0.200.202301161003/tools/bin/../lib/gcc/arm-none-eabi/10.3.1/../../../../arm-none-eabi/lib/thumb/v6-m/nofp\libc_nano.a(lib_a-mprec.o)
 *fill*         0x000000000800ef6b        0x5 
 .rodata.__mprec_bigtens
                0x000000000800ef70       0x28 e:/st/stm32cubeide_1.12.1/stm32cubeide/plugins/com.st.stm32cube.ide.mcu.externaltools.gnu-tools-for-stm32.10.3-2021.10.win32_1.0.200.202301161003/tools/bin/../lib/gcc/arm-none-eabi/10.3.1/../../../../arm-none-eabi/lib/thumb/v6-m/nofp\libc_nano.a(lib_a-mprec.o)
                0x000000000800ef70                __mprec_bigtens
 .rodata.__mprec_tens